#
# A fatal error has been detected by the Java Runtime Environment:
#
#  SIGSEGV (0xb) at pc=0x000003ffb043c914, pid=40964, tid=40978
#
# JRE version: OpenJDK Runtime Environment (21.0.12+8) (build 21.0.12+8-1-24.04-Ubuntu)
# Java VM: OpenJDK 64-Bit Server VM (21.0.12+8-1-24.04-Ubuntu, mixed mode, sharing, tiered, compressed oops, compressed class ptrs, g1 gc, linux-s390x)
# Problematic frame:
# V  [libjvm.so+0xa3c914]  PhaseOutput::Process_OopMap_Node(MachNode*, int)+0x814
#
# Core dump will be written. Default location: Determined by the following: "/usr/share/apport/apport -p%p -s%s -c%c -d%d -P%P -u%u -g%g -F%F -- %E" (alternatively, falling back to /tmp/pytest-of-ubuntu/pytest-3/test_jlink_plugin_add_modules_1/parts/my-part/build/core.40964)
#
# If you would like to submit a bug report, please visit:
#   https://bugs.launchpad.net/ubuntu/+source/openjdk-21
#

---------------  S U M M A R Y ------------

Command Line: -XX:ErrorFile=/tmp/jvm-crashes/hs_err_pid%p.log -XX:ReplayDataFile=/tmp/jvm-crashes/replay_pid%p.log -XX:+CreateCoredumpOnCrash -XX:+DumpReplayDataOnError -Dapplication.home=/usr/lib/jvm/java-21-openjdk-s390x --add-modules=ALL-DEFAULT -Xms8m -Djdk.module.main=jdk.jlink jdk.jlink/jdk.tools.jlink.internal.Main --no-header-files --no-man-pages --strip-debug --add-modules java.base,java.desktop,jdk.crypto.ec,java.sql --output /tmp/pytest-of-ubuntu/pytest-3/test_jlink_plugin_add_modules_1/parts/my-part/install/usr/lib/jvm/java-21-openjdk-s390x

Host: 8561, 4 cores, 15G, Ubuntu 24.04.4 LTS
Time: Fri Aug 28 17:03:24 2026 UTC elapsed time: 2.327006 seconds (0d 0h 0m 2s)

---------------  T H R E A D  ---------------

Current thread (0x000003ffa80e5c70):  JavaThread "C2 CompilerThread0" daemon [_thread_in_native, id=40978, stack(0x000003ffac400000,0x000003ffac600000) (2048K)]


Current CompileTask:
C2:2327 3089       4       jdk.internal.jimage.ImageLocation::getFullName (109 bytes)

Stack: [0x000003ffac400000,0x000003ffac600000],  sp=0x000003ffac5fc058,  free space=2032k
Native frames: (J=compiled Java code, j=interpreted, Vv=VM code, C=native code)
V  [libjvm.so+0xa3c914]  PhaseOutput::Process_OopMap_Node(MachNode*, int)+0x814
V  [libjvm.so+0xa3dad6]  PhaseOutput::fill_buffer(CodeBuffer*, unsigned int*)+0xca6
V  [libjvm.so+0x454560]  Compile::Code_Gen()+0x520
V  [libjvm.so+0x457f4c]  Compile::Compile(ciEnv*, ciMethod*, int, Options, DirectiveSet*)+0x10bc
V  [libjvm.so+0x36bb34]  C2Compiler::compile_method(ciEnv*, ciMethod*, int, bool, DirectiveSet*)+0x1c4
V  [libjvm.so+0x45cbd6]  CompileBroker::invoke_compiler_on_method(CompileTask*)+0x9f6
V  [libjvm.so+0x45f24a]  CompileBroker::compiler_thread_loop()+0x63a
V  [libjvm.so+0x6d7898]  JavaThread::thread_main_inner() [clone .part.0]+0xd8
V  [libjvm.so+0xbbde24]  Thread::call_run()+0xc4
V  [libjvm.so+0xa25e50]  thread_native_entry(Thread*)+0xf0
C  [libc.so.6+0x9f3e6]

siginfo: si_signo: 11 (SIGSEGV), si_code: 1 (SEGV_MAPERR), si_addr: 0x0000000000000000

Processor state:
----------------
        ip = 0x000003ffb043c914 
 proc mask = 0x0705200180000000 
   fpc reg = 0x00080000 

General Purpose Registers:
--------------------------
  r0  = 0x0000000000007fb8    r1  = 0x000003ff000003ff  |  r0  =                   32696    r1  =           4393751544831  
  r2  = 0x000003fef488d320    r3  = 0x0000000000000010  |  r2  =           4393559184160    r3  =                      16  
  r4  = 0x000003fef488d330    r5  = 0x000003ffa80e4120  |  r4  =           4393559184176    r5  =           4396571050272  
  r6  = 0x000003fef488d300    r7  = 0x000003fef41b4ec0  |  r6  =           4393559184128    r7  =           4393552006848  
  r8  = 0x000003ff10747b60    r9  = 0x0000000000000000  |  r8  =           4394027613024    r9  =                       0  
  r10 = 0x000003fef488d320    r11 = 0x000003ffac5fc058  |  r10 =           4393559184160    r11 =           4396643500120  
  r12 = 0x000003ffb097d8f0    r13 = 0x000003ffb073cb00  |  r12 =           4396714285296    r13 =           4396711922432  
  r14 = 0x000003ffb043c910    r15 = 0x000003ffac5fc058  |  r14 =           4396708776208    r15 =           4396643500120  

Access Registers:
-----------------
  ar0  = 0x000003ff    ar1  = 0xac5ff8c0  
  ar2  = 0x00000000    ar3  = 0x00000000  
  ar4  = 0x00000000    ar5  = 0x00000000  
  ar6  = 0x00000000    ar7  = 0x00000000  
  ar8  = 0x00000000    ar9  = 0x00000000  
  ar10 = 0x00000000    ar11 = 0x00000000  
  ar12 = 0x00000000    ar13 = 0x00000000  
  ar14 = 0x00000000    ar15 = 0x00000000  

Float Registers:
----------------
  fr0  = 0x0000000000000000    fr1  = 0x0000000000000000  |  fr0  =  2.172230510341456e-311    fr1  =  2.170937761346203e-311  
  fr2  = 0x0000000000000000    fr3  = 0x0000000000000000  |  fr2  =   0.000000000000000e+00    fr3  =  2.170703113310304e-311  
  fr4  = 0x0000000000000000    fr5  = 0x0000000000000000  |  fr4  =  2.172230510333551e-311    fr5  =  2.170703110025756e-311  
  fr6  = 0x0000000000000000    fr7  = 0x0000000000000000  |  fr6  =  2.170703109709554e-311    fr7  =  1.697596632772218e-313  
  fr8  = 0x0000000000000000    fr9  = 0x0000000000000000  |  fr8  =  2.170939658965393e-311    fr9  =   0.000000000000000e+00  
  fr10 = 0x0000000000000000    fr11 = 0x0000000000000000  |  fr10 =  2.170936662184527e-311    fr11 =  2.170705246849793e-311  
  fr12 = 0x0000000000000000    fr13 = 0x0000000000000000  |  fr12 =  2.170704752683358e-311    fr13 =  1.793458294403725e-321  
  fr14 = 0x0000000000000000    fr15 = 0x0000000000000000  |  fr14 =  2.172265260100834e-311    fr15 =  2.170704751213018e-311  



Register to memory mapping:

r0 =0x0000000000007fb8 is an unknown value
r1 =0x000003ff000003ff points into unknown readable memory: e0
r2 =0x000003fef488d320 points into unknown readable memory: 0x000003fef45f44f0 | 00 00 03 fe f4 5f 44 f0
r3 =0x0000000000000010 is an unknown value
r4 =0x000003fef488d330 points into unknown readable memory: 0x6a646b2e696e7465 | 6a 64 6b 2e 69 6e 74 65
r5 =0x000003ffa80e4120 points into unknown readable memory: 0x070000003ffa80e4 | 07 00 00 00 3f fa 80 e4
r6 =0x000003fef488d300 points into unknown readable memory: 0x0000000000000001 | 00 00 00 00 00 00 00 01
r7 =0x000003fef41b4ec0 points into unknown readable memory: 0x000003ffb09479a0 | 00 00 03 ff b0 94 79 a0
r8 =0x000003ff10747b60 points into unknown readable memory: 0x000003ffb095c080 | 00 00 03 ff b0 95 c0 80
r9 =0x0 is null
r10=0x000003fef488d320 points into unknown readable memory: 0x000003fef45f44f0 | 00 00 03 fe f4 5f 44 f0
r11=0x000003ffac5fc058 is pointing into the stack for thread: 0x000003ffa80e5c70
r12=0x000003ffb097d8f0: <offset 0x0000000000f7d8f0> in /usr/lib/jvm/java-21-openjdk-s390x/lib/server/libjvm.so at 0x000003ffafa00000
r13=0x000003ffb073cb00: <offset 0x0000000000d3cb00> in /usr/lib/jvm/java-21-openjdk-s390x/lib/server/libjvm.so at 0x000003ffafa00000
r14=0x000003ffb043c910: <offset 0x0000000000a3c910> in /usr/lib/jvm/java-21-openjdk-s390x/lib/server/libjvm.so at 0x000003ffafa00000
r15=0x000003ffac5fc058 is pointing into the stack for thread: 0x000003ffa80e5c70
pc =0x000003ffb043c914: <offset 0x0000000000a3c914> in /usr/lib/jvm/java-21-openjdk-s390x/lib/server/libjvm.so at 0x000003ffafa00000

Top of Stack: (sp=0x000003ffac5fc058)
0x000003ffac5fc058:   000003ffac5fc1f0 000000000000213c   ....._........!<
0x000003ffac5fc068:   000003ffac5fc150 000003ffb09175f0   ....._.P......u.
0x000003ffac5fc078:   000003ff00000002 000003ffac5fc198   ............._..
0x000003ffac5fc088:   000003ff10a4ecf0 000003fef41b4ec0   ..............N.
0x000003ffac5fc098:   000003ff1053e9e8 0000000000000000   .....S..........
0x000003ffac5fc0a8:   000003ff00000008 000003ffac5fc058   ............._.X
0x000003ffac5fc0b8:   000003ffb097d8f0 000003ffb073cb00   .............s..
0x000003ffac5fc0c8:   000003ffb043c910 000003ffac5fc058   .....C......._.X
0x000003ffac5fc0d8:   0000000000000000 0000000800000000   ................
0x000003ffac5fc0e8:   000003ff9848d0f8 ffffffff00000000   .....H..........
0x000003ffac5fc0f8:   000003ff10a4ec68 000003ffac5fc0a8   .......h....._..
0x000003ffac5fc108:   0000000000000006 0000000000000018   ................
0x000003ffac5fc118:   ffffffe000000003 0000000100000000   ................
0x000003ffac5fc128:   000003ffb0915af8 000003ffac5fc1f0   ......Z......_..
0x000003ffac5fc138:   000003ffac5fc1f0 000003ffac5fc198   ....._......._..
0x000003ffac5fc148:   000003ffac5fc1f0 000003ffac5fc1f0   ....._......._..
0x000003ffac5fc158:   000003ffb097d8f0 000003ffac5fc1d0   ............._..
0x000003ffac5fc168:   0000000600000001 000003ff1053e880   .............S..
0x000003ffac5fc178:   000003ffac5fc100 000003ffa8281b20   ....._.......(. 
0x000003ffac5fc188:   000003ff10185ae0 000003ffac5fc740   ......Z......_.@
0x000003ffac5fc198:   0000255000000001 000003ff10a4ec90   ..%P............
0x000003ffac5fc1a8:   000003ff10a4ecf0 000003ff1053e9e8   .............S..
0x000003ffac5fc1b8:   0000000100000000 000003ff10747b60   .............t{`
0x000003ffac5fc1c8:   000003ffac5fc728 000003ffb0915af8   ....._.(......Z.
0x000003ffac5fc1d8:   000003ffac5fc7a0 000003fef45d4910   ....._.......]I.
0x000003ffac5fc1e8:   000003ff10485ed8 000003ffac5fc410   .....H^......_..
0x000003ffac5fc1f8:   0000008800000006 000003ff107db1ac   .............}..
0x000003ffac5fc208:   000003ff107db1bc 0000000000000005   .....}..........
0x000003ffac5fc218:   000003ff107db1b8 000003ffac5fc728   .....}......._.(
0x000003ffac5fc228:   000003ff10185ae0 000003ffafbc7740   ......Z.......w@
0x000003ffac5fc238:   000003ffb09479a0 000003fef41b4ec0   ......y.......N.
0x000003ffac5fc248:   000003ffac5fc1f0 000003ffb097d8f0   ....._..........

Instructions: (pc=0x000003ffb043c914)
0x000003ffb043c814:   b1 17 00 90 e3 30 b1 15 00 90 e3 a0 f0 b8 00 24
0x000003ffb043c824:   e3 30 f0 b0 00 24 e5 48 f0 a8 00 00 58 80 80 28
0x000003ffb043c834:   e7 50 00 00 00 44 c0 87 00 00 00 01 10 98 e3 80
0x000003ffb043c844:   b1 08 00 04 a7 9a ff ff 88 90 00 1f b9 84 00 19
0x000003ffb043c854:   e3 10 f0 a0 00 24 e7 50 80 00 30 0e e3 20 e0 48
0x000003ffb043c864:   00 04 e3 a0 b1 40 00 14 b9 04 00 48 b9 04 00 3a
0x000003ffb043c874:   c0 e5 ff d2 f4 3e b9 04 00 28 c0 e5 ff e0 1b d1
0x000003ffb043c884:   58 60 b1 10 e5 4c b0 fc 00 01 50 60 b1 04 eb 23
0x000003ffb043c894:   b0 f8 00 04 58 50 b1 44 85 52 ff 7d e3 70 b1 70
0x000003ffb043c8a4:   00 04 68 80 b1 88 e3 40 70 08 00 04 68 a0 b1 90
0x000003ffb043c8b4:   e3 90 41 50 00 04 b9 04 00 3a e3 20 90 48 00 04
0x000003ffb043c8c4:   a7 49 00 01 eb 6f b1 c8 00 04 c0 f4 ff d2 ee 01
0x000003ffb043c8d4:   e3 50 b1 68 00 04 58 e0 50 58 c0 e7 00 00 00 05
0x000003ffb043c8e4:   10 1e a7 1a ff ff ec 81 3f bf 21 59 a7 f4 fe 6f
0x000003ffb043c8f4:   b9 04 00 28 c0 e5 ff fd b4 04 a7 39 00 00 b9 04
0x000003ffb043c904:   00 92 a7 29 00 10 c0 e5 00 04 ce 53 b9 04 00 a2
0x000003ffb043c914:   e3 20 90 30 00 04 c0 e5 ff cc 2d 6b c4 18 00 2a
0x000003ffb043c924:   19 00 e3 20 a0 08 00 24 a7 1b 00 10 e3 10 a0 00
0x000003ffb043c934:   00 24 a7 f4 fe 25 c0 e5 00 04 ce 3b b9 14 00 39
0x000003ffb043c944:   b9 04 00 a2 b9 04 00 28 c0 e5 00 04 66 6a c4 38
0x000003ffb043c954:   00 2a 21 67 ec 22 20 ba 03 59 a7 3b 00 10 a5 2b
0x000003ffb043c964:   00 02 e3 30 a0 00 00 24 50 20 a0 08 a7 f4 fe 08
0x000003ffb043c974:   ec 85 00 01 00 d8 a7 d4 00 05 14 58 a7 84 00 12
0x000003ffb043c984:   b9 16 00 38 a7 08 00 20 b9 83 00 23 ec 42 ff e0
0x000003ffb043c994:   00 d9 a7 28 00 01 b9 f9 40 90 eb 82 90 00 00 df
0x000003ffb043c9a4:   b9 04 00 26 b9 14 00 38 c0 e5 ff c8 74 4a 58 50
0x000003ffb043c9b4:   60 00 a7 f4 fe 24 ec 98 01 66 ff 7e ec 92 01 63
0x000003ffb043c9c4:   47 7e c0 e5 00 04 cd f5 c4 a8 00 2a 23 0e c4 48
0x000003ffb043c9d4:   00 26 a7 97 c4 38 00 2a 21 24 b9 14 00 09 eb 90
0x000003ffb043c9e4:   00 03 00 0d e3 19 a0 00 00 04 41 84 c0 00 a7 3b
0x000003ffb043c9f4:   00 10 b9 09 00 18 e3 30 20 00 00 24 89 10 00 05
0x000003ffb043ca04:   b9 04 00 a2 a5 1b 00 19 50 10 20 08 a7 f4 fd b8


Stack slot to memory mapping:

stack at sp + 0 slots: 0x000003ffac5fc1f0 is pointing into the stack for thread: 0x000003ffa80e5c70
stack at sp + 1 slots: 0x000000000000213c is an unknown value
stack at sp + 2 slots: 0x000003ffac5fc150 is pointing into the stack for thread: 0x000003ffa80e5c70
stack at sp + 3 slots: 0x000003ffb09175f0: <offset 0x0000000000f175f0> in /usr/lib/jvm/java-21-openjdk-s390x/lib/server/libjvm.so at 0x000003ffafa00000
stack at sp + 4 slots: 0x000003ff00000002 points into unknown readable memory: 03 ff 00 00 00 30
stack at sp + 5 slots: 0x000003ffac5fc198 is pointing into the stack for thread: 0x000003ffa80e5c70
stack at sp + 6 slots: 0x000003ff10a4ecf0 points into unknown readable memory: 0x00000000fffffffe | 00 00 00 00 ff ff ff fe
stack at sp + 7 slots: 0x000003fef41b4ec0 points into unknown readable memory: 0x000003ffb09479a0 | 00 00 03 ff b0 94 79 a0


---------------  P R O C E S S  ---------------

Threads class SMR info:
_java_thread_list=0x000003ffa83eea30, length=11, elements={
0x000003ffa8019910, 0x000003ffa80de9d0, 0x000003ffa80dfef0, 0x000003ffa80e1640,
0x000003ffa80e2c30, 0x000003ffa80e4180, 0x000003ffa80e5c70, 0x000003ffa80e72e0,
0x000003ffa81b97c0, 0x000003ffa81f2320, 0x000003ffa83ede80
}

Java Threads: ( => current thread )
  0x000003ffa8019910 JavaThread "main"                              [_thread_in_vm, id=40965, stack(0x000003ffaf400000,0x000003ffaf500000) (1024K)]
  0x000003ffa80de9d0 JavaThread "Reference Handler"          daemon [_thread_blocked, id=40973, stack(0x000003ffaca00000,0x000003ffacb00000) (1024K)]
  0x000003ffa80dfef0 JavaThread "Finalizer"                  daemon [_thread_blocked, id=40974, stack(0x000003ffac900000,0x000003ffaca00000) (1024K)]
  0x000003ffa80e1640 JavaThread "Signal Dispatcher"          daemon [_thread_blocked, id=40975, stack(0x000003ffac800000,0x000003ffac900000) (1024K)]
  0x000003ffa80e2c30 JavaThread "Service Thread"             daemon [_thread_blocked, id=40976, stack(0x000003ffac700000,0x000003ffac800000) (1024K)]
  0x000003ffa80e4180 JavaThread "Monitor Deflation Thread"   daemon [_thread_blocked, id=40977, stack(0x000003ffac600000,0x000003ffac700000) (1024K)]
=>0x000003ffa80e5c70 JavaThread "C2 CompilerThread0"         daemon [_thread_in_native, id=40978, stack(0x000003ffac400000,0x000003ffac600000) (2048K)]
  0x000003ffa80e72e0 JavaThread "C1 CompilerThread0"         daemon [_thread_blocked, id=40979, stack(0x000003ffac200000,0x000003ffac400000) (2048K)]
  0x000003ffa81b97c0 JavaThread "Notification Thread"        daemon [_thread_blocked, id=40980, stack(0x000003ffac100000,0x000003ffac200000) (1024K)]
  0x000003ffa81f2320 JavaThread "Common-Cleaner"             daemon [_thread_blocked, id=40981, stack(0x000003ff8ce00000,0x000003ff8cf00000) (1024K)]
  0x000003ffa83ede80 JavaThread "process reaper"             daemon [_thread_blocked, id=40987, stack(0x000003ffb0e4e000,0x000003ffb0e6e000) (128K)]
Total: 11

Other Threads:
  0x000003ffa80d2c30 VMThread "VM Thread"                           [id=40972, stack(0x000003ffad3bb000,0x000003ffad4bb000) (1024K)]
  0x000003ffa80c09b0 WatcherThread "VM Periodic Task Thread"        [id=40971, stack(0x000003ffad4bc000,0x000003ffad5bc000) (1024K)]
  0x000003ffa80823e0 WorkerThread "GC Thread#0"                     [id=40966, stack(0x000003ffade46000,0x000003ffadf46000) (1024K)]
  0x000003ff24006940 WorkerThread "GC Thread#1"                     [id=40982, stack(0x000003ff8cd00000,0x000003ff8ce00000) (1024K)]
  0x000003ff2401e460 WorkerThread "GC Thread#2"                     [id=40984, stack(0x000003ff8c900000,0x000003ff8ca00000) (1024K)]
  0x000003ff24017720 WorkerThread "GC Thread#3"                     [id=40985, stack(0x000003ff8c7ff000,0x000003ff8c8ff000) (1024K)]
  0x000003ffa8093c10 ConcurrentGCThread "G1 Main Marker"            [id=40967, stack(0x000003ffadd45000,0x000003ffade45000) (1024K)]
  0x000003ffa8094bb0 WorkerThread "G1 Conc#0"                       [id=40968, stack(0x000003ffadc44000,0x000003ffadd44000) (1024K)]
  0x000003ffa80ad1e0 ConcurrentGCThread "G1 Refine#0"               [id=40969, stack(0x000003ffad73f000,0x000003ffad83f000) (1024K)]
  0x000003ffa80ae1a0 ConcurrentGCThread "G1 Service"                [id=40970, stack(0x000003ffad63e000,0x000003ffad73e000) (1024K)]
Total: 10

Threads with active compile tasks:
C2 CompilerThread0  2329 3089       4       jdk.internal.jimage.ImageLocation::getFullName (109 bytes)
Total: 1

VM state: not at safepoint (normal execution)

VM Mutex/Monitor currently owned by a thread: None

Heap address: 0x0000000704c00000, size: 4020 MB, Compressed Oops mode: Zero based, Oop shift amount: 3

CDS archive(s) mapped at: [0x000003ff2f000000-0x000003ff2fc96000-0x000003ff2fc96000), size 13197312, SharedBaseAddress: 0x000003ff2f000000, ArchiveRelocationMode: 1.
Compressed class space mapped at: 0x000003ff30000000-0x000003ff70000000, reserved size: 1073741824
Narrow klass base: 0x000003ff2f000000, Narrow klass shift: 0, Narrow klass range: 0x100000000

GC Precious Log:
 CardTable entry size: 512
 Card Set container configuration: InlinePtr #cards 4 size 8 Array Of Cards #cards 16 size 48 Howl #buckets 8 coarsen threshold 3686 Howl Bitmap #cards 512 size 80 coarsen threshold 460 Card regions per heap region 1 cards per card region 4096
 CPUs: 4 total, 4 available
 Memory: 16074M
 Large Page Support: Disabled
 NUMA Support: Disabled
 Compressed Oops: Enabled (Zero based)
 Heap Region Size: 2M
 Heap Min Capacity: 8M
 Heap Initial Capacity: 8M
 Heap Max Capacity: 4020M
 Pre-touch: Disabled
 Parallel Workers: 4
 Concurrent Workers: 1
 Concurrent Refinement Workers: 4
 Periodic GC: Disabled

Heap:
 garbage-first heap   total 313344K, used 212992K [0x0000000704c00000, 0x0000000800000000)
  region size 2048K, 63 young (129024K), 12 survivors (24576K)
 Metaspace       used 6769K, committed 7168K, reserved 1114112K
  class space    used 815K, committed 1024K, reserved 1048576K

Heap Regions: E=young(eden), S=young(survivor), O=old, HS=humongous(starts), HC=humongous(continues), CS=collection set, F=free, TAMS=top-at-mark-start, PB=parsable bottom
|   0|0x0000000704c00000, 0x0000000704e00000, 0x0000000704e00000|100%| O|  |TAMS 0x0000000704c00000| PB 0x0000000704c00000| Untracked 
|   1|0x0000000704e00000, 0x0000000705000000, 0x0000000705000000|100%| O|  |TAMS 0x0000000704e00000| PB 0x0000000704e00000| Untracked 
|   2|0x0000000705000000, 0x0000000705200000, 0x0000000705200000|100%| O|  |TAMS 0x0000000705000000| PB 0x0000000705000000| Untracked 
|   3|0x0000000705200000, 0x0000000705400000, 0x0000000705400000|100%| O|  |TAMS 0x0000000705200000| PB 0x0000000705200000| Untracked 
|   4|0x0000000705400000, 0x0000000705600000, 0x0000000705600000|100%| O|  |TAMS 0x0000000705400000| PB 0x0000000705400000| Untracked 
|   5|0x0000000705600000, 0x0000000705800000, 0x0000000705800000|100%| O|  |TAMS 0x0000000705600000| PB 0x0000000705600000| Untracked 
|   6|0x0000000705800000, 0x0000000705a00000, 0x0000000705a00000|100%| O|  |TAMS 0x0000000705800000| PB 0x0000000705800000| Untracked 
|   7|0x0000000705a00000, 0x0000000705c00000, 0x0000000705c00000|100%| O|  |TAMS 0x0000000705a00000| PB 0x0000000705a00000| Untracked 
|   8|0x0000000705c00000, 0x0000000705e00000, 0x0000000705e00000|100%| O|  |TAMS 0x0000000705c00000| PB 0x0000000705c00000| Untracked 
|   9|0x0000000705e00000, 0x0000000706000000, 0x0000000706000000|100%| O|  |TAMS 0x0000000705e00000| PB 0x0000000705e00000| Untracked 
|  10|0x0000000706000000, 0x0000000706200000, 0x0000000706200000|100%| O|  |TAMS 0x0000000706000000| PB 0x0000000706000000| Untracked 
|  11|0x0000000706200000, 0x0000000706400000, 0x0000000706400000|100%| O|  |TAMS 0x0000000706200000| PB 0x0000000706200000| Untracked 
|  12|0x0000000706400000, 0x0000000706600000, 0x0000000706600000|100%| O|  |TAMS 0x0000000706400000| PB 0x0000000706400000| Untracked 
|  13|0x0000000706600000, 0x0000000706800000, 0x0000000706800000|100%| O|  |TAMS 0x0000000706600000| PB 0x0000000706600000| Untracked 
|  14|0x0000000706800000, 0x0000000706a00000, 0x0000000706a00000|100%| O|  |TAMS 0x0000000706800000| PB 0x0000000706800000| Untracked 
|  15|0x0000000706a00000, 0x0000000706c00000, 0x0000000706c00000|100%| O|  |TAMS 0x0000000706a00000| PB 0x0000000706a00000| Untracked 
|  16|0x0000000706c00000, 0x0000000706e00000, 0x0000000706e00000|100%| O|  |TAMS 0x0000000706c00000| PB 0x0000000706c00000| Untracked 
|  17|0x0000000706e00000, 0x0000000707000000, 0x0000000707000000|100%| O|  |TAMS 0x0000000706e00000| PB 0x0000000706e00000| Untracked 
|  18|0x0000000707000000, 0x0000000707200000, 0x0000000707200000|100%| O|  |TAMS 0x0000000707000000| PB 0x0000000707000000| Untracked 
|  19|0x0000000707200000, 0x0000000707400000, 0x0000000707400000|100%| O|  |TAMS 0x0000000707200000| PB 0x0000000707200000| Untracked 
|  20|0x0000000707400000, 0x0000000707600000, 0x0000000707600000|100%| O|  |TAMS 0x0000000707400000| PB 0x0000000707400000| Untracked 
|  21|0x0000000707600000, 0x0000000707800000, 0x0000000707800000|100%| O|  |TAMS 0x0000000707600000| PB 0x0000000707600000| Untracked 
|  22|0x0000000707800000, 0x0000000707a00000, 0x0000000707a00000|100%| O|  |TAMS 0x0000000707800000| PB 0x0000000707800000| Untracked 
|  23|0x0000000707a00000, 0x0000000707c00000, 0x0000000707c00000|100%| O|  |TAMS 0x0000000707a00000| PB 0x0000000707a00000| Untracked 
|  24|0x0000000707c00000, 0x0000000707e00000, 0x0000000707e00000|100%|HS|  |TAMS 0x0000000707c00000| PB 0x0000000707c00000| Complete 
|  25|0x0000000707e00000, 0x0000000708000000, 0x0000000708000000|100%|HC|  |TAMS 0x0000000707e00000| PB 0x0000000707e00000| Complete 
|  26|0x0000000708000000, 0x0000000708200000, 0x0000000708200000|100%|HC|  |TAMS 0x0000000708000000| PB 0x0000000708000000| Complete 
|  27|0x0000000708200000, 0x0000000708400000, 0x0000000708400000|100%|HC|  |TAMS 0x0000000708200000| PB 0x0000000708200000| Complete 
|  28|0x0000000708400000, 0x0000000708600000, 0x0000000708600000|100%|HC|  |TAMS 0x0000000708400000| PB 0x0000000708400000| Complete 
|  29|0x0000000708600000, 0x0000000708800000, 0x0000000708800000|100%|HC|  |TAMS 0x0000000708600000| PB 0x0000000708600000| Complete 
|  30|0x0000000708800000, 0x0000000708a00000, 0x0000000708a00000|100%|HC|  |TAMS 0x0000000708800000| PB 0x0000000708800000| Complete 
|  31|0x0000000708a00000, 0x0000000708c00000, 0x0000000708c00000|100%|HC|  |TAMS 0x0000000708a00000| PB 0x0000000708a00000| Complete 
|  32|0x0000000708c00000, 0x0000000708e00000, 0x0000000708e00000|100%|HC|  |TAMS 0x0000000708c00000| PB 0x0000000708c00000| Complete 
|  33|0x0000000708e00000, 0x0000000709000000, 0x0000000709000000|100%|HC|  |TAMS 0x0000000708e00000| PB 0x0000000708e00000| Complete 
|  34|0x0000000709000000, 0x0000000709200000, 0x0000000709200000|100%|HS|  |TAMS 0x0000000709000000| PB 0x0000000709000000| Complete 
|  35|0x0000000709200000, 0x0000000709400000, 0x0000000709400000|100%| O|  |TAMS 0x0000000709200000| PB 0x0000000709200000| Untracked 
|  36|0x0000000709400000, 0x0000000709600000, 0x0000000709600000|100%| O|  |TAMS 0x0000000709400000| PB 0x0000000709400000| Untracked 
|  37|0x0000000709600000, 0x0000000709800000, 0x0000000709800000|100%| O|  |TAMS 0x0000000709600000| PB 0x0000000709600000| Untracked 
|  38|0x0000000709800000, 0x0000000709a00000, 0x0000000709a00000|100%| O|  |TAMS 0x0000000709800000| PB 0x0000000709800000| Untracked 
|  39|0x0000000709a00000, 0x0000000709c00000, 0x0000000709c00000|100%| O|  |TAMS 0x0000000709a00000| PB 0x0000000709a00000| Untracked 
|  40|0x0000000709c00000, 0x0000000709e00000, 0x0000000709e00000|100%| O|  |TAMS 0x0000000709c00000| PB 0x0000000709c00000| Untracked 
|  41|0x0000000709e00000, 0x0000000709e00000, 0x000000070a000000|  0%| F|  |TAMS 0x0000000709e00000| PB 0x0000000709e00000| Untracked 
|  42|0x000000070a000000, 0x000000070a000000, 0x000000070a200000|  0%| F|  |TAMS 0x000000070a000000| PB 0x000000070a000000| Untracked 
|  43|0x000000070a200000, 0x000000070a200000, 0x000000070a400000|  0%| F|  |TAMS 0x000000070a200000| PB 0x000000070a200000| Untracked 
|  44|0x000000070a400000, 0x000000070a400000, 0x000000070a600000|  0%| F|  |TAMS 0x000000070a400000| PB 0x000000070a400000| Untracked 
|  45|0x000000070a600000, 0x000000070a600000, 0x000000070a800000|  0%| F|  |TAMS 0x000000070a600000| PB 0x000000070a600000| Untracked 
|  46|0x000000070a800000, 0x000000070a800000, 0x000000070aa00000|  0%| F|  |TAMS 0x000000070a800000| PB 0x000000070a800000| Untracked 
|  47|0x000000070aa00000, 0x000000070aa00000, 0x000000070ac00000|  0%| F|  |TAMS 0x000000070aa00000| PB 0x000000070aa00000| Untracked 
|  48|0x000000070ac00000, 0x000000070ae00000, 0x000000070ae00000|100%| S|CS|TAMS 0x000000070ac00000| PB 0x000000070ac00000| Complete 
|  49|0x000000070ae00000, 0x000000070b000000, 0x000000070b000000|100%| S|CS|TAMS 0x000000070ae00000| PB 0x000000070ae00000| Complete 
|  50|0x000000070b000000, 0x000000070b000000, 0x000000070b200000|  0%| F|  |TAMS 0x000000070b000000| PB 0x000000070b000000| Untracked 
|  51|0x000000070b200000, 0x000000070b200000, 0x000000070b400000|  0%| F|  |TAMS 0x000000070b200000| PB 0x000000070b200000| Untracked 
|  52|0x000000070b400000, 0x000000070b400000, 0x000000070b600000|  0%| F|  |TAMS 0x000000070b400000| PB 0x000000070b400000| Untracked 
|  53|0x000000070b600000, 0x000000070b600000, 0x000000070b800000|  0%| F|  |TAMS 0x000000070b600000| PB 0x000000070b600000| Untracked 
|  54|0x000000070b800000, 0x000000070b800000, 0x000000070ba00000|  0%| F|  |TAMS 0x000000070b800000| PB 0x000000070b800000| Untracked 
|  55|0x000000070ba00000, 0x000000070ba00000, 0x000000070bc00000|  0%| F|  |TAMS 0x000000070ba00000| PB 0x000000070ba00000| Untracked 
|  56|0x000000070bc00000, 0x000000070be00000, 0x000000070be00000|100%| S|CS|TAMS 0x000000070bc00000| PB 0x000000070bc00000| Complete 
|  57|0x000000070be00000, 0x000000070c000000, 0x000000070c000000|100%| S|CS|TAMS 0x000000070be00000| PB 0x000000070be00000| Complete 
|  58|0x000000070c000000, 0x000000070c200000, 0x000000070c200000|100%| S|CS|TAMS 0x000000070c000000| PB 0x000000070c000000| Complete 
|  59|0x000000070c200000, 0x000000070c400000, 0x000000070c400000|100%| S|CS|TAMS 0x000000070c200000| PB 0x000000070c200000| Complete 
|  60|0x000000070c400000, 0x000000070c600000, 0x000000070c600000|100%| S|CS|TAMS 0x000000070c400000| PB 0x000000070c400000| Complete 
|  61|0x000000070c600000, 0x000000070c800000, 0x000000070c800000|100%| S|CS|TAMS 0x000000070c600000| PB 0x000000070c600000| Complete 
|  62|0x000000070c800000, 0x000000070ca00000, 0x000000070ca00000|100%| S|CS|TAMS 0x000000070c800000| PB 0x000000070c800000| Complete 
|  63|0x000000070ca00000, 0x000000070cc00000, 0x000000070cc00000|100%| S|CS|TAMS 0x000000070ca00000| PB 0x000000070ca00000| Complete 
|  64|0x000000070cc00000, 0x000000070cc00000, 0x000000070ce00000|  0%| F|  |TAMS 0x000000070cc00000| PB 0x000000070cc00000| Untracked 
|  65|0x000000070ce00000, 0x000000070ce00000, 0x000000070d000000|  0%| F|  |TAMS 0x000000070ce00000| PB 0x000000070ce00000| Untracked 
|  66|0x000000070d000000, 0x000000070d000000, 0x000000070d200000|  0%| F|  |TAMS 0x000000070d000000| PB 0x000000070d000000| Untracked 
|  67|0x000000070d200000, 0x000000070d200000, 0x000000070d400000|  0%| F|  |TAMS 0x000000070d200000| PB 0x000000070d200000| Untracked 
|  68|0x000000070d400000, 0x000000070d600000, 0x000000070d600000|100%| S|CS|TAMS 0x000000070d400000| PB 0x000000070d400000| Complete 
|  69|0x000000070d600000, 0x000000070d800000, 0x000000070d800000|100%| S|CS|TAMS 0x000000070d600000| PB 0x000000070d600000| Complete 
|  70|0x000000070d800000, 0x000000070d800000, 0x000000070da00000|  0%| F|  |TAMS 0x000000070d800000| PB 0x000000070d800000| Untracked 
|  71|0x000000070da00000, 0x000000070da00000, 0x000000070dc00000|  0%| F|  |TAMS 0x000000070da00000| PB 0x000000070da00000| Untracked 
|  72|0x000000070dc00000, 0x000000070dc00000, 0x000000070de00000|  0%| F|  |TAMS 0x000000070dc00000| PB 0x000000070dc00000| Untracked 
|  73|0x000000070de00000, 0x000000070de00000, 0x000000070e000000|  0%| F|  |TAMS 0x000000070de00000| PB 0x000000070de00000| Untracked 
|  74|0x000000070e000000, 0x000000070e000000, 0x000000070e200000|  0%| F|  |TAMS 0x000000070e000000| PB 0x000000070e000000| Untracked 
|  75|0x000000070e200000, 0x000000070e200000, 0x000000070e400000|  0%| F|  |TAMS 0x000000070e200000| PB 0x000000070e200000| Untracked 
|  76|0x000000070e400000, 0x000000070e400000, 0x000000070e600000|  0%| F|  |TAMS 0x000000070e400000| PB 0x000000070e400000| Untracked 
|  77|0x000000070e600000, 0x000000070e600000, 0x000000070e800000|  0%| F|  |TAMS 0x000000070e600000| PB 0x000000070e600000| Untracked 
|  78|0x000000070e800000, 0x000000070e800000, 0x000000070ea00000|  0%| F|  |TAMS 0x000000070e800000| PB 0x000000070e800000| Untracked 
|  79|0x000000070ea00000, 0x000000070ea00000, 0x000000070ec00000|  0%| F|  |TAMS 0x000000070ea00000| PB 0x000000070ea00000| Untracked 
|  80|0x000000070ec00000, 0x000000070ec00000, 0x000000070ee00000|  0%| F|  |TAMS 0x000000070ec00000| PB 0x000000070ec00000| Untracked 
|  81|0x000000070ee00000, 0x000000070ee00000, 0x000000070f000000|  0%| F|  |TAMS 0x000000070ee00000| PB 0x000000070ee00000| Untracked 
|  82|0x000000070f000000, 0x000000070f000000, 0x000000070f200000|  0%| F|  |TAMS 0x000000070f000000| PB 0x000000070f000000| Untracked 
|  83|0x000000070f200000, 0x000000070f200000, 0x000000070f400000|  0%| F|  |TAMS 0x000000070f200000| PB 0x000000070f200000| Untracked 
|  84|0x000000070f400000, 0x000000070f400000, 0x000000070f600000|  0%| F|  |TAMS 0x000000070f400000| PB 0x000000070f400000| Untracked 
|  85|0x000000070f600000, 0x000000070f600000, 0x000000070f800000|  0%| F|  |TAMS 0x000000070f600000| PB 0x000000070f600000| Untracked 
|  86|0x000000070f800000, 0x000000070f800000, 0x000000070fa00000|  0%| F|  |TAMS 0x000000070f800000| PB 0x000000070f800000| Untracked 
|  87|0x000000070fa00000, 0x000000070fa00000, 0x000000070fc00000|  0%| F|  |TAMS 0x000000070fa00000| PB 0x000000070fa00000| Untracked 
|  88|0x000000070fc00000, 0x000000070fc00000, 0x000000070fe00000|  0%| F|  |TAMS 0x000000070fc00000| PB 0x000000070fc00000| Untracked 
|  89|0x000000070fe00000, 0x000000070fe00000, 0x0000000710000000|  0%| F|  |TAMS 0x000000070fe00000| PB 0x000000070fe00000| Untracked 
|  90|0x0000000710000000, 0x0000000710000000, 0x0000000710200000|  0%| F|  |TAMS 0x0000000710000000| PB 0x0000000710000000| Untracked 
|  91|0x0000000710200000, 0x0000000710200000, 0x0000000710400000|  0%| F|  |TAMS 0x0000000710200000| PB 0x0000000710200000| Untracked 
|  92|0x0000000710400000, 0x0000000710400000, 0x0000000710600000|  0%| F|  |TAMS 0x0000000710400000| PB 0x0000000710400000| Untracked 
|  93|0x0000000710600000, 0x0000000710600000, 0x0000000710800000|  0%| F|  |TAMS 0x0000000710600000| PB 0x0000000710600000| Untracked 
|  94|0x0000000710800000, 0x0000000710800000, 0x0000000710a00000|  0%| F|  |TAMS 0x0000000710800000| PB 0x0000000710800000| Untracked 
|  95|0x0000000710a00000, 0x0000000710a00000, 0x0000000710c00000|  0%| F|  |TAMS 0x0000000710a00000| PB 0x0000000710a00000| Untracked 
|  96|0x0000000710c00000, 0x0000000710c00000, 0x0000000710e00000|  0%| F|  |TAMS 0x0000000710c00000| PB 0x0000000710c00000| Untracked 
|  97|0x0000000710e00000, 0x0000000710e00000, 0x0000000711000000|  0%| F|  |TAMS 0x0000000710e00000| PB 0x0000000710e00000| Untracked 
|  98|0x0000000711000000, 0x0000000711000000, 0x0000000711200000|  0%| F|  |TAMS 0x0000000711000000| PB 0x0000000711000000| Untracked 
|  99|0x0000000711200000, 0x0000000711200000, 0x0000000711400000|  0%| F|  |TAMS 0x0000000711200000| PB 0x0000000711200000| Untracked 
| 100|0x0000000711400000, 0x0000000711500000, 0x0000000711600000| 50%| E|  |TAMS 0x0000000711400000| PB 0x0000000711400000| Complete 
| 101|0x0000000711600000, 0x0000000711800000, 0x0000000711800000|100%| E|CS|TAMS 0x0000000711600000| PB 0x0000000711600000| Complete 
| 102|0x0000000711800000, 0x0000000711a00000, 0x0000000711a00000|100%| E|CS|TAMS 0x0000000711800000| PB 0x0000000711800000| Complete 
| 103|0x0000000711a00000, 0x0000000711c00000, 0x0000000711c00000|100%| E|CS|TAMS 0x0000000711a00000| PB 0x0000000711a00000| Complete 
| 104|0x0000000711c00000, 0x0000000711e00000, 0x0000000711e00000|100%| E|CS|TAMS 0x0000000711c00000| PB 0x0000000711c00000| Complete 
| 105|0x0000000711e00000, 0x0000000712000000, 0x0000000712000000|100%| E|CS|TAMS 0x0000000711e00000| PB 0x0000000711e00000| Complete 
| 106|0x0000000712000000, 0x0000000712200000, 0x0000000712200000|100%| E|CS|TAMS 0x0000000712000000| PB 0x0000000712000000| Complete 
| 107|0x0000000712200000, 0x0000000712400000, 0x0000000712400000|100%| E|CS|TAMS 0x0000000712200000| PB 0x0000000712200000| Complete 
| 108|0x0000000712400000, 0x0000000712600000, 0x0000000712600000|100%| E|CS|TAMS 0x0000000712400000| PB 0x0000000712400000| Complete 
| 109|0x0000000712600000, 0x0000000712800000, 0x0000000712800000|100%| E|CS|TAMS 0x0000000712600000| PB 0x0000000712600000| Complete 
| 110|0x0000000712800000, 0x0000000712a00000, 0x0000000712a00000|100%| E|CS|TAMS 0x0000000712800000| PB 0x0000000712800000| Complete 
| 111|0x0000000712a00000, 0x0000000712c00000, 0x0000000712c00000|100%| E|CS|TAMS 0x0000000712a00000| PB 0x0000000712a00000| Complete 
| 112|0x0000000712c00000, 0x0000000712e00000, 0x0000000712e00000|100%| E|CS|TAMS 0x0000000712c00000| PB 0x0000000712c00000| Complete 
| 113|0x0000000712e00000, 0x0000000713000000, 0x0000000713000000|100%| E|CS|TAMS 0x0000000712e00000| PB 0x0000000712e00000| Complete 
| 114|0x0000000713000000, 0x0000000713200000, 0x0000000713200000|100%| E|CS|TAMS 0x0000000713000000| PB 0x0000000713000000| Complete 
| 115|0x0000000713200000, 0x0000000713400000, 0x0000000713400000|100%| E|CS|TAMS 0x0000000713200000| PB 0x0000000713200000| Complete 
| 116|0x0000000713400000, 0x0000000713600000, 0x0000000713600000|100%| E|CS|TAMS 0x0000000713400000| PB 0x0000000713400000| Complete 
| 117|0x0000000713600000, 0x0000000713800000, 0x0000000713800000|100%| E|CS|TAMS 0x0000000713600000| PB 0x0000000713600000| Complete 
| 118|0x0000000713800000, 0x0000000713a00000, 0x0000000713a00000|100%| E|CS|TAMS 0x0000000713800000| PB 0x0000000713800000| Complete 
| 119|0x0000000713a00000, 0x0000000713c00000, 0x0000000713c00000|100%| E|CS|TAMS 0x0000000713a00000| PB 0x0000000713a00000| Complete 
| 120|0x0000000713c00000, 0x0000000713e00000, 0x0000000713e00000|100%| E|CS|TAMS 0x0000000713c00000| PB 0x0000000713c00000| Complete 
| 121|0x0000000713e00000, 0x0000000714000000, 0x0000000714000000|100%| E|CS|TAMS 0x0000000713e00000| PB 0x0000000713e00000| Complete 
| 122|0x0000000714000000, 0x0000000714200000, 0x0000000714200000|100%| E|CS|TAMS 0x0000000714000000| PB 0x0000000714000000| Complete 
| 123|0x0000000714200000, 0x0000000714400000, 0x0000000714400000|100%| E|CS|TAMS 0x0000000714200000| PB 0x0000000714200000| Complete 
| 124|0x0000000714400000, 0x0000000714600000, 0x0000000714600000|100%| E|  |TAMS 0x0000000714400000| PB 0x0000000714400000| Complete 
| 125|0x0000000714600000, 0x0000000714800000, 0x0000000714800000|100%| E|CS|TAMS 0x0000000714600000| PB 0x0000000714600000| Complete 
| 126|0x0000000714800000, 0x0000000714a00000, 0x0000000714a00000|100%| E|CS|TAMS 0x0000000714800000| PB 0x0000000714800000| Complete 
| 127|0x0000000714a00000, 0x0000000714c00000, 0x0000000714c00000|100%| E|CS|TAMS 0x0000000714a00000| PB 0x0000000714a00000| Complete 
| 128|0x0000000714c00000, 0x0000000714e00000, 0x0000000714e00000|100%| E|CS|TAMS 0x0000000714c00000| PB 0x0000000714c00000| Complete 
| 129|0x0000000714e00000, 0x0000000715000000, 0x0000000715000000|100%| E|CS|TAMS 0x0000000714e00000| PB 0x0000000714e00000| Complete 
| 130|0x0000000715000000, 0x0000000715200000, 0x0000000715200000|100%| E|CS|TAMS 0x0000000715000000| PB 0x0000000715000000| Complete 
| 131|0x0000000715200000, 0x0000000715400000, 0x0000000715400000|100%| E|CS|TAMS 0x0000000715200000| PB 0x0000000715200000| Complete 
| 132|0x0000000715400000, 0x0000000715600000, 0x0000000715600000|100%| E|CS|TAMS 0x0000000715400000| PB 0x0000000715400000| Complete 
| 133|0x0000000715600000, 0x0000000715800000, 0x0000000715800000|100%| E|CS|TAMS 0x0000000715600000| PB 0x0000000715600000| Complete 
| 134|0x0000000715800000, 0x0000000715a00000, 0x0000000715a00000|100%| E|CS|TAMS 0x0000000715800000| PB 0x0000000715800000| Complete 
| 135|0x0000000715a00000, 0x0000000715c00000, 0x0000000715c00000|100%| E|CS|TAMS 0x0000000715a00000| PB 0x0000000715a00000| Complete 
| 136|0x0000000715c00000, 0x0000000715e00000, 0x0000000715e00000|100%| E|CS|TAMS 0x0000000715c00000| PB 0x0000000715c00000| Complete 
| 137|0x0000000715e00000, 0x0000000716000000, 0x0000000716000000|100%| E|CS|TAMS 0x0000000715e00000| PB 0x0000000715e00000| Complete 
| 138|0x0000000716000000, 0x0000000716200000, 0x0000000716200000|100%| E|CS|TAMS 0x0000000716000000| PB 0x0000000716000000| Complete 
| 139|0x0000000716200000, 0x0000000716400000, 0x0000000716400000|100%| E|CS|TAMS 0x0000000716200000| PB 0x0000000716200000| Complete 
| 140|0x0000000716400000, 0x0000000716600000, 0x0000000716600000|100%| E|CS|TAMS 0x0000000716400000| PB 0x0000000716400000| Complete 
| 141|0x0000000716600000, 0x0000000716800000, 0x0000000716800000|100%| E|CS|TAMS 0x0000000716600000| PB 0x0000000716600000| Complete 
| 142|0x0000000716800000, 0x0000000716a00000, 0x0000000716a00000|100%| E|CS|TAMS 0x0000000716800000| PB 0x0000000716800000| Complete 
| 143|0x0000000716a00000, 0x0000000716c00000, 0x0000000716c00000|100%| E|CS|TAMS 0x0000000716a00000| PB 0x0000000716a00000| Complete 
| 144|0x0000000716c00000, 0x0000000716e00000, 0x0000000716e00000|100%| E|CS|TAMS 0x0000000716c00000| PB 0x0000000716c00000| Complete 
| 145|0x0000000716e00000, 0x0000000717000000, 0x0000000717000000|100%| E|CS|TAMS 0x0000000716e00000| PB 0x0000000716e00000| Complete 
| 146|0x0000000717000000, 0x0000000717200000, 0x0000000717200000|100%| E|CS|TAMS 0x0000000717000000| PB 0x0000000717000000| Complete 
| 147|0x0000000717200000, 0x0000000717400000, 0x0000000717400000|100%| E|CS|TAMS 0x0000000717200000| PB 0x0000000717200000| Complete 
| 148|0x0000000717400000, 0x0000000717600000, 0x0000000717600000|100%| E|CS|TAMS 0x0000000717400000| PB 0x0000000717400000| Complete 
| 149|0x0000000717600000, 0x0000000717800000, 0x0000000717800000|100%| E|CS|TAMS 0x0000000717600000| PB 0x0000000717600000| Complete 
|2007|0x00000007ffa00000, 0x00000007ffc00000, 0x00000007ffc00000|100%| O|  |TAMS 0x00000007ffa00000| PB 0x00000007ffa00000| Untracked 
|2008|0x00000007ffc00000, 0x00000007ffe00000, 0x00000007ffe00000|100%| O|  |TAMS 0x00000007ffc00000| PB 0x00000007ffc00000| Untracked 
|2009|0x00000007ffe00000, 0x0000000800000000, 0x0000000800000000|100%| E|CS|TAMS 0x00000007ffe00000| PB 0x00000007ffe00000| Complete 

Card table byte_map: [0x000003ffadfc8000,0x000003ffae7a2000] _byte_map_base: 0x000003ffaa7a2000

Marking Bits: (CMBitMap*) 0x000003ffa8083300
 Bits: [0x000003ff8cf30000, 0x000003ff90e00000)

Polling page: 0x000003ffb0e74000

Metaspace:

Usage:
  Non-class:      5.82 MB used.
      Class:    815.16 KB used.
       Both:      6.61 MB used.

Virtual space:
  Non-class space:       64.00 MB reserved,       6.00 MB (  9%) committed,  1 nodes.
      Class space:        1.00 GB reserved,       1.00 MB ( <1%) committed,  1 nodes.
             Both:        1.06 GB reserved,       7.00 MB ( <1%) committed. 

Chunk freelists:
   Non-Class:  9.67 MB
       Class:  15.03 MB
        Both:  24.70 MB

MaxMetaspaceSize: unlimited
CompressedClassSpaceSize: 1.00 GB
Initial GC threshold: 21.00 MB
Current GC threshold: 21.00 MB
CDS: on
 - commit_granule_bytes: 65536.
 - commit_granule_words: 8192.
 - virtual_space_node_default_size: 8388608.
 - enlarge_chunks_in_place: 1.
 - use_allocation_guard: 0.


Internal statistics:

num_allocs_failed_limit: 0.
num_arena_births: 450.
num_arena_deaths: 0.
num_vsnodes_births: 2.
num_vsnodes_deaths: 0.
num_space_committed: 112.
num_space_uncommitted: 0.
num_chunks_returned_to_freelist: 0.
num_chunks_taken_from_freelist: 593.
num_chunk_merges: 0.
num_chunk_splits: 340.
num_chunks_enlarged: 116.
num_inconsistent_stats: 0.

CodeHeap 'non-profiled nmethods': size=120032Kb used=2455Kb max_used=2455Kb free=117576Kb
 bounds [0x000003ff988c8000, 0x000003ff98b38000, 0x000003ff9fe00000]
CodeHeap 'profiled nmethods': size=120028Kb used=6785Kb max_used=6785Kb free=113242Kb
 bounds [0x000003ff90e00000, 0x000003ff914b0000, 0x000003ff98337000]
CodeHeap 'non-nmethods': size=5700Kb used=1352Kb max_used=1352Kb free=4347Kb
 bounds [0x000003ff98337000, 0x000003ff98537000, 0x000003ff988c8000]
CodeCache: size=245760Kb, used=10592Kb, max_used=10592Kb, free=235165Kb
 total_blobs=3633, nmethods=3144, adapters=397, full_count=0
Compilation: enabled, stopped_count=0, restarted_count=0

Compilation events (20 events):
Event: 2.320 Thread 0x000003ffa80e72e0 3159       2       java.lang.invoke.MemberName::hashCode (43 bytes)
Event: 2.321 Thread 0x000003ffa80e72e0 nmethod 3159 0x000003ff9149c510 code [0x000003ff9149c900, 0x000003ff9149d008]
Event: 2.321 Thread 0x000003ffa80e72e0 3160       2       java.lang.Byte::<init> (10 bytes)
Event: 2.321 Thread 0x000003ffa80e72e0 nmethod 3160 0x000003ff9149d210 code [0x000003ff9149d3c0, 0x000003ff9149d520]
Event: 2.321 Thread 0x000003ffa80e72e0 3161       2       java.lang.Byte::hashCode (8 bytes)
Event: 2.321 Thread 0x000003ffa80e72e0 nmethod 3161 0x000003ff9149d610 code [0x000003ff9149d7c0, 0x000003ff9149d928]
Event: 2.321 Thread 0x000003ffa80e72e0 3162       2       java.lang.Byte::hashCode (2 bytes)
Event: 2.321 Thread 0x000003ffa80e72e0 nmethod 3162 0x000003ff9149da10 code [0x000003ff9149dbc0, 0x000003ff9149dce0]
Event: 2.321 Thread 0x000003ffa80e72e0 3158   !   2       java.lang.invoke.MethodHandles$Lookup::canBeCached (150 bytes)
Event: 2.321 Thread 0x000003ffa80e72e0 nmethod 3158 0x000003ff9149de10 code [0x000003ff9149e1c0, 0x000003ff9149e818]
Event: 2.321 Thread 0x000003ffa80e72e0 3163       2       java.lang.invoke.Invokers::maybeCustomize (5 bytes)
Event: 2.321 Thread 0x000003ffa80e72e0 nmethod 3163 0x000003ff9149ec10 code [0x000003ff9149ee00, 0x000003ff9149ef48]
Event: 2.322 Thread 0x000003ffa80e72e0 3164       2       java.nio.file.FileSystems::getDefault (14 bytes)
Event: 2.322 Thread 0x000003ffa80e72e0 nmethod 3164 0x000003ff9149f010 code [0x000003ff9149f200, 0x000003ff9149f380]
Event: 2.322 Thread 0x000003ffa80e72e0 3165       2       java.io.FileDescriptor::<init> (17 bytes)
Event: 2.322 Thread 0x000003ffa80e72e0 nmethod 3165 0x000003ff9149f510 code [0x000003ff9149f6c0, 0x000003ff9149f828]
Event: 2.323 Thread 0x000003ffa80e72e0 3166  s    2       java.io.FileDescriptor::close (9 bytes)
Event: 2.323 Thread 0x000003ffa80e72e0 nmethod 3166 0x000003ff9149f910 code [0x000003ff9149fb80, 0x000003ff9149ff10]
Event: 2.323 Thread 0x000003ffa80e72e0 3167  s    2       java.io.FileDescriptor::unregisterCleanup (20 bytes)
Event: 2.323 Thread 0x000003ffa80e72e0 nmethod 3167 0x000003ff914a0010 code [0x000003ff914a0280, 0x000003ff914a0520]

GC Heap History (20 events):
Event: 1.103 GC heap before
{Heap before GC invocations=20 (full 0):
 garbage-first heap   total 122880K, used 96366K [0x0000000704c00000, 0x0000000800000000)
  region size 2048K, 36 young (73728K), 4 survivors (8192K)
 Metaspace       used 5322K, committed 5568K, reserved 1114112K
  class space    used 642K, committed 768K, reserved 1048576K
}
Event: 1.107 GC heap after
{Heap after GC invocations=21 (full 0):
 garbage-first heap   total 122880K, used 33070K [0x0000000704c00000, 0x0000000800000000)
  region size 2048K, 4 young (8192K), 4 survivors (8192K)
 Metaspace       used 5322K, committed 5568K, reserved 1114112K
  class space    used 642K, committed 768K, reserved 1048576K
}
Event: 1.155 GC heap before
{Heap before GC invocations=21 (full 0):
 garbage-first heap   total 122880K, used 98606K [0x0000000704c00000, 0x0000000800000000)
  region size 2048K, 36 young (73728K), 4 survivors (8192K)
 Metaspace       used 5332K, committed 5568K, reserved 1114112K
  class space    used 642K, committed 768K, reserved 1048576K
}
Event: 1.157 GC heap after
{Heap after GC invocations=22 (full 0):
 garbage-first heap   total 122880K, used 36341K [0x0000000704c00000, 0x0000000800000000)
  region size 2048K, 3 young (6144K), 3 survivors (6144K)
 Metaspace       used 5332K, committed 5568K, reserved 1114112K
  class space    used 642K, committed 768K, reserved 1048576K
}
Event: 1.207 GC heap before
{Heap before GC invocations=22 (full 0):
 garbage-first heap   total 122880K, used 103925K [0x0000000704c00000, 0x0000000800000000)
  region size 2048K, 36 young (73728K), 3 survivors (6144K)
 Metaspace       used 5332K, committed 5568K, reserved 1114112K
  class space    used 642K, committed 768K, reserved 1048576K
}
Event: 1.211 GC heap after
{Heap after GC invocations=23 (full 0):
 garbage-first heap   total 180224K, used 39191K [0x0000000704c00000, 0x0000000800000000)
  region size 2048K, 3 young (6144K), 3 survivors (6144K)
 Metaspace       used 5332K, committed 5568K, reserved 1114112K
  class space    used 642K, committed 768K, reserved 1048576K
}
Event: 1.293 GC heap before
{Heap before GC invocations=23 (full 0):
 garbage-first heap   total 180224K, used 139543K [0x0000000704c00000, 0x0000000800000000)
  region size 2048K, 52 young (106496K), 3 survivors (6144K)
 Metaspace       used 5333K, committed 5568K, reserved 1114112K
  class space    used 642K, committed 768K, reserved 1048576K
}
Event: 1.297 GC heap after
{Heap after GC invocations=24 (full 0):
 garbage-first heap   total 180224K, used 44280K [0x0000000704c00000, 0x0000000800000000)
  region size 2048K, 6 young (12288K), 6 survivors (12288K)
 Metaspace       used 5333K, committed 5568K, reserved 1114112K
  class space    used 642K, committed 768K, reserved 1048576K
}
Event: 1.359 GC heap before
{Heap before GC invocations=24 (full 0):
 garbage-first heap   total 180224K, used 138488K [0x0000000704c00000, 0x0000000800000000)
  region size 2048K, 52 young (106496K), 6 survivors (12288K)
 Metaspace       used 5334K, committed 5568K, reserved 1114112K
  class space    used 642K, committed 768K, reserved 1048576K
}
Event: 1.365 GC heap after
{Heap after GC invocations=25 (full 0):
 garbage-first heap   total 180224K, used 49712K [0x0000000704c00000, 0x0000000800000000)
  region size 2048K, 6 young (12288K), 6 survivors (12288K)
 Metaspace       used 5334K, committed 5568K, reserved 1114112K
  class space    used 642K, committed 768K, reserved 1048576K
}
Event: 1.432 GC heap before
{Heap before GC invocations=25 (full 0):
 garbage-first heap   total 180224K, used 143920K [0x0000000704c00000, 0x0000000800000000)
  region size 2048K, 52 young (106496K), 6 survivors (12288K)
 Metaspace       used 5334K, committed 5568K, reserved 1114112K
  class space    used 642K, committed 768K, reserved 1048576K
}
Event: 1.436 GC heap after
{Heap after GC invocations=26 (full 0):
 garbage-first heap   total 180224K, used 53620K [0x0000000704c00000, 0x0000000800000000)
  region size 2048K, 5 young (10240K), 5 survivors (10240K)
 Metaspace       used 5334K, committed 5568K, reserved 1114112K
  class space    used 642K, committed 768K, reserved 1048576K
}
Event: 1.499 GC heap before
{Heap before GC invocations=26 (full 0):
 garbage-first heap   total 180224K, used 149876K [0x0000000704c00000, 0x0000000800000000)
  region size 2048K, 52 young (106496K), 5 survivors (10240K)
 Metaspace       used 5334K, committed 5568K, reserved 1114112K
  class space    used 642K, committed 768K, reserved 1048576K
}
Event: 1.503 GC heap after
{Heap after GC invocations=27 (full 0):
 garbage-first heap   total 313344K, used 56760K [0x0000000704c00000, 0x0000000800000000)
  region size 2048K, 4 young (8192K), 4 survivors (8192K)
 Metaspace       used 5334K, committed 5568K, reserved 1114112K
  class space    used 642K, committed 768K, reserved 1048576K
}
Event: 1.641 GC heap before
{Heap before GC invocations=27 (full 0):
 garbage-first heap   total 313344K, used 234936K [0x0000000704c00000, 0x0000000800000000)
  region size 2048K, 91 young (186368K), 4 survivors (8192K)
 Metaspace       used 5334K, committed 5568K, reserved 1114112K
  class space    used 642K, committed 768K, reserved 1048576K
}
Event: 1.647 GC heap after
{Heap after GC invocations=28 (full 0):
 garbage-first heap   total 313344K, used 65165K [0x0000000704c00000, 0x0000000800000000)
  region size 2048K, 8 young (16384K), 8 survivors (16384K)
 Metaspace       used 5334K, committed 5568K, reserved 1114112K
  class space    used 642K, committed 768K, reserved 1048576K
}
Event: 1.734 GC heap before
{Heap before GC invocations=28 (full 0):
 garbage-first heap   total 313344K, used 235149K [0x0000000704c00000, 0x0000000800000000)
  region size 2048K, 91 young (186368K), 8 survivors (16384K)
 Metaspace       used 5334K, committed 5568K, reserved 1114112K
  class space    used 642K, committed 768K, reserved 1048576K
}
Event: 1.740 GC heap after
{Heap after GC invocations=29 (full 0):
 garbage-first heap   total 313344K, used 72624K [0x0000000704c00000, 0x0000000800000000)
  region size 2048K, 10 young (20480K), 10 survivors (20480K)
 Metaspace       used 5334K, committed 5568K, reserved 1114112K
  class space    used 642K, committed 768K, reserved 1048576K
}
Event: 2.099 GC heap before
{Heap before GC invocations=29 (full 0):
 garbage-first heap   total 313344K, used 261040K [0x0000000704c00000, 0x0000000800000000)
  region size 2048K, 91 young (186368K), 10 survivors (20480K)
 Metaspace       used 6492K, committed 6848K, reserved 1114112K
  class space    used 786K, committed 960K, reserved 1048576K
}
Event: 2.116 GC heap after
{Heap after GC invocations=30 (full 0):
 garbage-first heap   total 313344K, used 112640K [0x0000000704c00000, 0x0000000800000000)
  region size 2048K, 12 young (24576K), 12 survivors (24576K)
 Metaspace       used 6492K, committed 6848K, reserved 1114112K
  class space    used 786K, committed 960K, reserved 1048576K
}

Dll operation events (10 events):
Event: 0.001 Attempting to load shared library /usr/lib/jvm/java-21-openjdk-s390x/lib/libjava.so
Event: 0.001 Loaded shared library /usr/lib/jvm/java-21-openjdk-s390x/lib/libjava.so
Event: 0.041 Attempting to load shared library /usr/lib/jvm/java-21-openjdk-s390x/lib/libnio.so
Event: 0.041 Loaded shared library /usr/lib/jvm/java-21-openjdk-s390x/lib/libnio.so
Event: 0.042 Attempting to load shared library /usr/lib/jvm/java-21-openjdk-s390x/lib/libjimage.so
Event: 0.042 Loaded shared library /usr/lib/jvm/java-21-openjdk-s390x/lib/libjimage.so
Event: 0.087 Attempting to load shared library /usr/lib/jvm/java-21-openjdk-s390x/lib/libnet.so
Event: 0.087 Loaded shared library /usr/lib/jvm/java-21-openjdk-s390x/lib/libnet.so
Event: 0.091 Attempting to load shared library /usr/lib/jvm/java-21-openjdk-s390x/lib/libzip.so
Event: 0.091 Loaded shared library /usr/lib/jvm/java-21-openjdk-s390x/lib/libzip.so

Deoptimization events (20 events):
Event: 2.127 Thread 0x000003ffa8019910 Uncommon trap: trap_request=0xffffff45 fr.pc=0x000003ff98afc514 relative=0x00000000000005d4
Event: 2.127 Thread 0x000003ffa8019910 Uncommon trap: reason=unstable_if action=reinterpret pc=0x000003ff98afc514 method=java.util.TreeMap.put(Ljava/lang/Object;Ljava/lang/Object;Z)Ljava/lang/Object; @ 143 c2
Event: 2.127 Thread 0x000003ffa8019910 DEOPT PACKING pc=0x000003ff98afc514 sp=0x000003ffaf4fdea8
Event: 2.127 Thread 0x000003ffa8019910 DEOPT UNPACKING pc=0x000003ff9839af5e sp=0x000003ffaf4fdd50 mode 2
Event: 2.166 Thread 0x000003ffa8019910 DEOPT PACKING pc=0x000003ff91423860 sp=0x000003ffaf4fdc20
Event: 2.166 Thread 0x000003ffa8019910 DEOPT UNPACKING pc=0x000003ff9839ac20 sp=0x000003ffaf4fd970 mode 0
Event: 2.166 Thread 0x000003ffa8019910 DEOPT PACKING pc=0x000003ff91423038 sp=0x000003ffaf4fdcc0
Event: 2.166 Thread 0x000003ffa8019910 DEOPT UNPACKING pc=0x000003ff9839ac20 sp=0x000003ffaf4fda60 mode 0
Event: 2.167 Thread 0x000003ffa8019910 DEOPT PACKING pc=0x000003ff9142446c sp=0x000003ffaf4fdb98
Event: 2.167 Thread 0x000003ffa8019910 DEOPT UNPACKING pc=0x000003ff9839ac20 sp=0x000003ffaf4fd948 mode 0
Event: 2.216 Thread 0x000003ffa8019910 DEOPT PACKING pc=0x000003ff91459ac0 sp=0x000003ffaf4fdfa0
Event: 2.216 Thread 0x000003ffa8019910 DEOPT UNPACKING pc=0x000003ff9839ac20 sp=0x000003ffaf4fdd70 mode 0
Event: 2.226 Thread 0x000003ffa8019910 Uncommon trap: trap_request=0xffffff45 fr.pc=0x000003ff98b14e14 relative=0x00000000000003d4
Event: 2.226 Thread 0x000003ffa8019910 Uncommon trap: reason=unstable_if action=reinterpret pc=0x000003ff98b14e14 method=jdk.internal.jimage.ImageStream.ensure(I)V @ 70 c2
Event: 2.226 Thread 0x000003ffa8019910 DEOPT PACKING pc=0x000003ff98b14e14 sp=0x000003ffaf4fdf50
Event: 2.226 Thread 0x000003ffa8019910 DEOPT UNPACKING pc=0x000003ff9839af5e sp=0x000003ffaf4fde00 mode 2
Event: 2.317 Thread 0x000003ffa8019910 Uncommon trap: trap_request=0xffffff45 fr.pc=0x000003ff9896cf04 relative=0x0000000000000284
Event: 2.317 Thread 0x000003ffa8019910 Uncommon trap: reason=unstable_if action=reinterpret pc=0x000003ff9896cf04 method=java.lang.StringLatin1.indexOf([BI[BII)I @ 91 c2
Event: 2.317 Thread 0x000003ffa8019910 DEOPT PACKING pc=0x000003ff9896cf04 sp=0x000003ffaf4fdea0
Event: 2.317 Thread 0x000003ffa8019910 DEOPT UNPACKING pc=0x000003ff9839af5e sp=0x000003ffaf4fdce0 mode 2

Classes loaded (20 events):
Event: 1.817 Loading class java/nio/file/FileTreeWalker$Event
Event: 1.817 Loading class java/nio/file/FileTreeWalker$Event done
Event: 1.817 Loading class java/nio/file/FileTreeWalker$EventType
Event: 1.817 Loading class java/nio/file/FileTreeWalker$EventType done
Event: 1.817 Loading class java/nio/file/Files$3
Event: 1.817 Loading class java/nio/file/Files$3 done
Event: 1.817 Loading class java/nio/file/FileVisitResult
Event: 1.817 Loading class java/nio/file/FileVisitResult done
Event: 1.817 Loading class sun/nio/fs/BasicFileAttributesHolder
Event: 1.817 Loading class sun/nio/fs/BasicFileAttributesHolder done
Event: 1.971 Loading class java/io/BufferedReader$1
Event: 1.971 Loading class java/io/BufferedReader$1 done
Event: 2.024 Loading class java/util/Formatter$FixedString
Event: 2.024 Loading class java/util/Formatter$FixedString done
Event: 2.199 Loading class java/util/stream/SortedOps$RefSortingSink
Event: 2.199 Loading class java/util/stream/SortedOps$RefSortingSink done
Event: 2.223 Loading class java/lang/foreign/MemorySegment
Event: 2.223 Loading class java/lang/foreign/MemorySegment done
Event: 2.317 Loading class jdk/internal/util/Architecture
Event: 2.317 Loading class jdk/internal/util/Architecture done

Classes unloaded (0 events):
No events

Classes redefined (0 events):
No events

Internal exceptions (20 events):
Event: 2.321 Thread 0x000003ffa8019910 Exception <a 'sun/nio/fs/UnixException'{0x000000071148f4a8}> (0x000000071148f4a8) 
thrown [./src/hotspot/share/prims/jni.cpp, line 520]
Event: 2.321 Thread 0x000003ffa8019910 Exception <a 'sun/nio/fs/UnixException'{0x0000000711498d80}> (0x0000000711498d80) 
thrown [./src/hotspot/share/prims/jni.cpp, line 520]
Event: 2.322 Thread 0x000003ffa8019910 Exception <a 'sun/nio/fs/UnixException'{0x000000071149fa48}> (0x000000071149fa48) 
thrown [./src/hotspot/share/prims/jni.cpp, line 520]
Event: 2.322 Thread 0x000003ffa8019910 Exception <a 'sun/nio/fs/UnixException'{0x00000007114a7858}> (0x00000007114a7858) 
thrown [./src/hotspot/share/prims/jni.cpp, line 520]
Event: 2.322 Thread 0x000003ffa8019910 Exception <a 'sun/nio/fs/UnixException'{0x00000007114ae4d8}> (0x00000007114ae4d8) 
thrown [./src/hotspot/share/prims/jni.cpp, line 520]
Event: 2.322 Thread 0x000003ffa8019910 Exception <a 'sun/nio/fs/UnixException'{0x00000007114b7748}> (0x00000007114b7748) 
thrown [./src/hotspot/share/prims/jni.cpp, line 520]
Event: 2.322 Thread 0x000003ffa8019910 Exception <a 'sun/nio/fs/UnixException'{0x00000007114bc3e8}> (0x00000007114bc3e8) 
thrown [./src/hotspot/share/prims/jni.cpp, line 520]
Event: 2.322 Thread 0x000003ffa8019910 Exception <a 'sun/nio/fs/UnixException'{0x00000007114c0f00}> (0x00000007114c0f00) 
thrown [./src/hotspot/share/prims/jni.cpp, line 520]
Event: 2.322 Thread 0x000003ffa8019910 Exception <a 'sun/nio/fs/UnixException'{0x00000007114c19d8}> (0x00000007114c19d8) 
thrown [./src/hotspot/share/prims/jni.cpp, line 520]
Event: 2.322 Thread 0x000003ffa8019910 Exception <a 'sun/nio/fs/UnixException'{0x00000007114c24b0}> (0x00000007114c24b0) 
thrown [./src/hotspot/share/prims/jni.cpp, line 520]
Event: 2.322 Thread 0x000003ffa8019910 Exception <a 'sun/nio/fs/UnixException'{0x00000007114c2f88}> (0x00000007114c2f88) 
thrown [./src/hotspot/share/prims/jni.cpp, line 520]
Event: 2.322 Thread 0x000003ffa8019910 Exception <a 'sun/nio/fs/UnixException'{0x00000007114c3a60}> (0x00000007114c3a60) 
thrown [./src/hotspot/share/prims/jni.cpp, line 520]
Event: 2.322 Thread 0x000003ffa8019910 Exception <a 'sun/nio/fs/UnixException'{0x00000007114c4538}> (0x00000007114c4538) 
thrown [./src/hotspot/share/prims/jni.cpp, line 520]
Event: 2.323 Thread 0x000003ffa8019910 Exception <a 'sun/nio/fs/UnixException'{0x00000007114c5060}> (0x00000007114c5060) 
thrown [./src/hotspot/share/prims/jni.cpp, line 520]
Event: 2.323 Thread 0x000003ffa8019910 Exception <a 'sun/nio/fs/UnixException'{0x00000007114c5b40}> (0x00000007114c5b40) 
thrown [./src/hotspot/share/prims/jni.cpp, line 520]
Event: 2.323 Thread 0x000003ffa8019910 Exception <a 'sun/nio/fs/UnixException'{0x00000007114c6618}> (0x00000007114c6618) 
thrown [./src/hotspot/share/prims/jni.cpp, line 520]
Event: 2.323 Thread 0x000003ffa8019910 Exception <a 'sun/nio/fs/UnixException'{0x00000007114ce550}> (0x00000007114ce550) 
thrown [./src/hotspot/share/prims/jni.cpp, line 520]
Event: 2.323 Thread 0x000003ffa8019910 Exception <a 'sun/nio/fs/UnixException'{0x00000007114d5c18}> (0x00000007114d5c18) 
thrown [./src/hotspot/share/prims/jni.cpp, line 520]
Event: 2.323 Thread 0x000003ffa8019910 Exception <a 'sun/nio/fs/UnixException'{0x00000007114dc968}> (0x00000007114dc968) 
thrown [./src/hotspot/share/prims/jni.cpp, line 520]
Event: 2.323 Thread 0x000003ffa8019910 Exception <a 'sun/nio/fs/UnixException'{0x00000007114e1be8}> (0x00000007114e1be8) 
thrown [./src/hotspot/share/prims/jni.cpp, line 520]

ZGC Phase Switch (0 events):
No events

VM Operations (20 events):
Event: 1.432 Executing safepoint VM operation: G1CollectForAllocation (G1 Evacuation Pause)
Event: 1.436 Executing safepoint VM operation: G1CollectForAllocation (G1 Evacuation Pause) done
Event: 1.499 Executing safepoint VM operation: G1CollectForAllocation (G1 Evacuation Pause)
Event: 1.503 Executing safepoint VM operation: G1CollectForAllocation (G1 Evacuation Pause) done
Event: 1.641 Executing safepoint VM operation: G1CollectForAllocation (G1 Evacuation Pause)
Event: 1.647 Executing safepoint VM operation: G1CollectForAllocation (G1 Evacuation Pause) done
Event: 1.734 Executing safepoint VM operation: G1CollectForAllocation (G1 Evacuation Pause)
Event: 1.740 Executing safepoint VM operation: G1CollectForAllocation (G1 Evacuation Pause) done
Event: 1.803 Executing non-safepoint VM operation: HandshakeAllThreads (Deoptimize)
Event: 1.803 Executing non-safepoint VM operation: HandshakeAllThreads (Deoptimize) done
Event: 2.008 Executing safepoint VM operation: ICBufferFull
Event: 2.009 Executing safepoint VM operation: ICBufferFull done
Event: 2.099 Executing safepoint VM operation: G1CollectForAllocation (G1 Evacuation Pause)
Event: 2.122 Executing safepoint VM operation: G1CollectForAllocation (G1 Evacuation Pause) done
Event: 2.218 Executing safepoint VM operation: ICBufferFull
Event: 2.218 Executing safepoint VM operation: ICBufferFull done
Event: 2.302 Executing non-safepoint VM operation: HandshakeAllThreads (Deoptimize)
Event: 2.302 Executing non-safepoint VM operation: HandshakeAllThreads (Deoptimize) done
Event: 2.314 Executing non-safepoint VM operation: HandshakeAllThreads (Deoptimize)
Event: 2.314 Executing non-safepoint VM operation: HandshakeAllThreads (Deoptimize) done

Memory protections (12 events):
Event: 0.001 Protecting memory [0x000003ffaf400000,0x000003ffaf404000] with protection modes 0
Event: 0.020 Protecting memory [0x000003ffaca00000,0x000003ffaca04000] with protection modes 0
Event: 0.020 Protecting memory [0x000003ffac900000,0x000003ffac904000] with protection modes 0
Event: 0.020 Protecting memory [0x000003ffac800000,0x000003ffac804000] with protection modes 0
Event: 0.020 Protecting memory [0x000003ffac700000,0x000003ffac704000] with protection modes 0
Event: 0.020 Protecting memory [0x000003ffac600000,0x000003ffac604000] with protection modes 0
Event: 0.020 Protecting memory [0x000003ffac400000,0x000003ffac404000] with protection modes 0
Event: 0.020 Protecting memory [0x000003ffac200000,0x000003ffac204000] with protection modes 0
Event: 0.040 Protecting memory [0x000003ffac100000,0x000003ffac104000] with protection modes 0
Event: 0.047 Protecting memory [0x000003ff8ce00000,0x000003ff8ce04000] with protection modes 0
Event: 0.106 Protecting memory [0x000003ff8ca00000,0x000003ff8ca04000] with protection modes 0
Event: 1.812 Protecting memory [0x000003ffb0e4e000,0x000003ffb0e52000] with protection modes 0

Nmethod flushes (0 events):
No events

Events (13 events):
Event: 0.016 Thread 0x000003ffa8019910 Thread added: 0x000003ffa8019910
Event: 0.020 Thread 0x000003ffa8019910 Thread added: 0x000003ffa80de9d0
Event: 0.020 Thread 0x000003ffa8019910 Thread added: 0x000003ffa80dfef0
Event: 0.020 Thread 0x000003ffa8019910 Thread added: 0x000003ffa80e1640
Event: 0.020 Thread 0x000003ffa8019910 Thread added: 0x000003ffa80e2c30
Event: 0.020 Thread 0x000003ffa8019910 Thread added: 0x000003ffa80e4180
Event: 0.020 Thread 0x000003ffa8019910 Thread added: 0x000003ffa80e5c70
Event: 0.020 Thread 0x000003ffa8019910 Thread added: 0x000003ffa80e72e0
Event: 0.040 Thread 0x000003ffa8019910 Thread added: 0x000003ffa81b97c0
Event: 0.047 Thread 0x000003ffa8019910 Thread added: 0x000003ffa81f2320
Event: 0.106 Thread 0x000003ffa80e72e0 Thread added: 0x000003ff04077080
Event: 1.799 Thread 0x000003ff04077080 Thread exited: 0x000003ff04077080
Event: 1.812 Thread 0x000003ffa8019910 Thread added: 0x000003ffa83ede80


Dynamic libraries:
704c00000-717800000 rw-p 00000000 00:00 0 
717800000-7ffa00000 ---p 00000000 00:00 0 
7ffa00000-7ffe00000 rw-p 00000000 00:00 0 
7ffe00000-7fff0b000 rw-p 00cd5000 fd:01 1024748                          /usr/lib/jvm/java-21-openjdk-s390x/lib/server/classes.jsa
7fff0b000-800000000 rw-p 00000000 00:00 0 
2aa07300000-2aa07301000 r-xp 00000000 fd:01 1027393                      /usr/lib/jvm/java-21-openjdk-s390x/bin/jlink
2aa07301000-2aa07302000 r--p 00001000 fd:01 1027393                      /usr/lib/jvm/java-21-openjdk-s390x/bin/jlink
2aa07302000-2aa07303000 rw-p 00002000 fd:01 1027393                      /usr/lib/jvm/java-21-openjdk-s390x/bin/jlink
2aa07794000-2aa077dc000 rw-p 00000000 00:00 0                            [heap]
3feec000000-3feec021000 rw-p 00000000 00:00 0 
3feec021000-3fef0000000 ---p 00000000 00:00 0 
3fef4000000-3fef4a59000 rw-p 00000000 00:00 0 
3fef4a59000-3fef8000000 ---p 00000000 00:00 0 
3fef8000000-3fef8021000 rw-p 00000000 00:00 0 
3fef8021000-3fefc000000 ---p 00000000 00:00 0 
3fefc000000-3fefc021000 rw-p 00000000 00:00 0 
3fefc021000-3ff00000000 ---p 00000000 00:00 0 
3ff00000000-3ff00021000 rw-p 00000000 00:00 0 
3ff00021000-3ff04000000 ---p 00000000 00:00 0 
3ff04000000-3ff0434b000 rw-p 00000000 00:00 0 
3ff0434b000-3ff08000000 ---p 00000000 00:00 0 
3ff08000000-3ff08021000 rw-p 00000000 00:00 0 
3ff08021000-3ff0c000000 ---p 00000000 00:00 0 
3ff0c000000-3ff0c021000 rw-p 00000000 00:00 0 
3ff0c021000-3ff10000000 ---p 00000000 00:00 0 
3ff10000000-3ff10e36000 rw-p 00000000 00:00 0 
3ff10e36000-3ff14000000 ---p 00000000 00:00 0 
3ff14000000-3ff14021000 rw-p 00000000 00:00 0 
3ff14021000-3ff18000000 ---p 00000000 00:00 0 
3ff18000000-3ff18021000 rw-p 00000000 00:00 0 
3ff18021000-3ff1c000000 ---p 00000000 00:00 0 
3ff1c000000-3ff1c021000 rw-p 00000000 00:00 0 
3ff1c021000-3ff20000000 ---p 00000000 00:00 0 
3ff20000000-3ff20021000 rw-p 00000000 00:00 0 
3ff20021000-3ff24000000 ---p 00000000 00:00 0 
3ff24000000-3ff240e8000 rw-p 00000000 00:00 0 
3ff240e8000-3ff28000000 ---p 00000000 00:00 0 
3ff2b000000-3ff2b400000 rw-p 00000000 00:00 0 
3ff2b400000-3ff2b5a0000 rw-p 00000000 00:00 0 
3ff2b5a0000-3ff2b600000 ---p 00000000 00:00 0 
3ff2b600000-3ff2b660000 rw-p 00000000 00:00 0 
3ff2b660000-3ff2f000000 ---p 00000000 00:00 0 
3ff2f000000-3ff2fc96000 rw-p 00001000 fd:01 1024748                      /usr/lib/jvm/java-21-openjdk-s390x/lib/server/classes.jsa
3ff2fc96000-3ff30000000 ---p 00000000 00:00 0 
3ff30000000-3ff30040000 rw-p 00000000 00:00 0 
3ff30040000-3ff300c0000 rw-p 00000000 00:00 0 
3ff300c0000-3ff30100000 rw-p 00000000 00:00 0 
3ff30100000-3ff70000000 ---p 00000000 00:00 0 
3ff70000000-3ff70021000 rw-p 00000000 00:00 0 
3ff70021000-3ff74000000 ---p 00000000 00:00 0 
3ff74000000-3ff74021000 rw-p 00000000 00:00 0 
3ff74021000-3ff78000000 ---p 00000000 00:00 0 
3ff78000000-3ff78021000 rw-p 00000000 00:00 0 
3ff78021000-3ff7c000000 ---p 00000000 00:00 0 
3ff7cdc7000-3ff80021000 rw-p 00000000 00:00 0 
3ff80021000-3ff84000000 ---p 00000000 00:00 0 
3ff84000000-3ff84021000 rw-p 00000000 00:00 0 
3ff84021000-3ff88000000 ---p 00000000 00:00 0 
3ff88000000-3ff88021000 rw-p 00000000 00:00 0 
3ff88021000-3ff8c000000 ---p 00000000 00:00 0 
3ff8c7fe000-3ff8c7ff000 ---p 00000000 00:00 0 
3ff8c7ff000-3ff8c8ff000 rw-p 00000000 00:00 0 
3ff8c8ff000-3ff8c900000 ---p 00000000 00:00 0 
3ff8c900000-3ff8ca00000 rw-p 00000000 00:00 0 
3ff8ca00000-3ff8ca04000 ---p 00000000 00:00 0 
3ff8ca04000-3ff8cc00000 rw-p 00000000 00:00 0 
3ff8cc80000-3ff8cc88000 r-xp 00000000 fd:01 1024744                      /usr/lib/jvm/java-21-openjdk-s390x/lib/libzip.so
3ff8cc88000-3ff8cc89000 r--p 00007000 fd:01 1024744                      /usr/lib/jvm/java-21-openjdk-s390x/lib/libzip.so
3ff8cc89000-3ff8cc8a000 rw-p 00008000 fd:01 1024744                      /usr/lib/jvm/java-21-openjdk-s390x/lib/libzip.so
3ff8ccff000-3ff8cd00000 ---p 00000000 00:00 0 
3ff8cd00000-3ff8ce00000 rw-p 00000000 00:00 0 
3ff8ce00000-3ff8ce04000 ---p 00000000 00:00 0 
3ff8ce04000-3ff8cf00000 rw-p 00000000 00:00 0 
3ff8cf30000-3ff8d3e0000 rw-p 00000000 00:00 0 
3ff8d3e0000-3ff90de8000 ---p 00000000 00:00 0 
3ff90de8000-3ff90e00000 rw-p 00000000 00:00 0 
3ff90e00000-3ff914b0000 rwxp 00000000 00:00 0 
3ff914b0000-3ff98337000 ---p 00000000 00:00 0 
3ff98337000-3ff98537000 rwxp 00000000 00:00 0 
3ff98537000-3ff988c8000 ---p 00000000 00:00 0 
3ff988c8000-3ff98b38000 rwxp 00000000 00:00 0 
3ff98b38000-3ff9fe00000 ---p 00000000 00:00 0 
3ff9fe00000-3ffa7f4d000 r--s 00000000 fd:01 1024745                      /usr/lib/jvm/java-21-openjdk-s390x/lib/modules
3ffa7f80000-3ffa7f8d000 r-xp 00000000 fd:01 1024737                      /usr/lib/jvm/java-21-openjdk-s390x/lib/libnet.so
3ffa7f8d000-3ffa7f8e000 r--p 0000c000 fd:01 1024737                      /usr/lib/jvm/java-21-openjdk-s390x/lib/libnet.so
3ffa7f8e000-3ffa7f8f000 rw-p 0000d000 fd:01 1024737                      /usr/lib/jvm/java-21-openjdk-s390x/lib/libnet.so
3ffa8000000-3ffa842d000 rw-p 00000000 00:00 0 
3ffa842d000-3ffac000000 ---p 00000000 00:00 0 
3ffac080000-3ffac097000 r-xp 00000000 fd:01 1024738                      /usr/lib/jvm/java-21-openjdk-s390x/lib/libnio.so
3ffac097000-3ffac098000 r--p 00017000 fd:01 1024738                      /usr/lib/jvm/java-21-openjdk-s390x/lib/libnio.so
3ffac098000-3ffac099000 rw-p 00018000 fd:01 1024738                      /usr/lib/jvm/java-21-openjdk-s390x/lib/libnio.so
3ffac100000-3ffac104000 ---p 00000000 00:00 0 
3ffac104000-3ffac200000 rw-p 00000000 00:00 0 
3ffac200000-3ffac204000 ---p 00000000 00:00 0 
3ffac204000-3ffac400000 rw-p 00000000 00:00 0 
3ffac400000-3ffac404000 ---p 00000000 00:00 0 
3ffac404000-3ffac600000 rw-p 00000000 00:00 0 
3ffac600000-3ffac604000 ---p 00000000 00:00 0 
3ffac604000-3ffac700000 rw-p 00000000 00:00 0 
3ffac700000-3ffac704000 ---p 00000000 00:00 0 
3ffac704000-3ffac800000 rw-p 00000000 00:00 0 
3ffac800000-3ffac804000 ---p 00000000 00:00 0 
3ffac804000-3ffac900000 rw-p 00000000 00:00 0 
3ffac900000-3ffac904000 ---p 00000000 00:00 0 
3ffac904000-3ffaca00000 rw-p 00000000 00:00 0 
3ffaca00000-3ffaca04000 ---p 00000000 00:00 0 
3ffaca04000-3ffacb00000 rw-p 00000000 00:00 0 
3ffacb00000-3ffacb59000 r--p 00000000 fd:01 7505                         /usr/lib/locale/C.utf8/LC_CTYPE
3ffacb80000-3ffacb81000 r--p 00000000 fd:01 7510                         /usr/lib/locale/C.utf8/LC_NUMERIC
3ffacc00000-3ffacc01000 r--p 00000000 fd:01 7513                         /usr/lib/locale/C.utf8/LC_TIME
3ffacc80000-3ffacc81000 r--p 00000000 fd:01 7504                         /usr/lib/locale/C.utf8/LC_COLLATE
3ffacd00000-3ffacd01000 r--p 00000000 fd:01 7508                         /usr/lib/locale/C.utf8/LC_MONETARY
3ffacd80000-3ffacd81000 r--p 00000000 fd:01 7502                         /usr/lib/locale/C.utf8/LC_MESSAGES/SYS_LC_MESSAGES
3fface00000-3fface01000 r--p 00000000 fd:01 7511                         /usr/lib/locale/C.utf8/LC_PAPER
3fface80000-3fface81000 r--p 00000000 fd:01 7509                         /usr/lib/locale/C.utf8/LC_NAME
3ffacf00000-3ffacf01000 r--p 00000000 fd:01 7503                         /usr/lib/locale/C.utf8/LC_ADDRESS
3ffacf80000-3ffacf81000 r--p 00000000 fd:01 7512                         /usr/lib/locale/C.utf8/LC_TELEPHONE
3ffad000000-3ffad2eb000 r--p 00000000 fd:01 7499                         /usr/lib/locale/locale-archive
3ffad300000-3ffad301000 r--p 00000000 fd:01 7507                         /usr/lib/locale/C.utf8/LC_MEASUREMENT
3ffad380000-3ffad387000 r--s 00000000 fd:01 5086                         /usr/lib/s390x-linux-gnu/gconv/gconv-modules.cache
3ffad3ba000-3ffad3bb000 ---p 00000000 00:00 0 
3ffad3bb000-3ffad4bb000 rw-p 00000000 00:00 0 
3ffad4bb000-3ffad4bc000 ---p 00000000 00:00 0 
3ffad4bc000-3ffad5bc000 rw-p 00000000 00:00 0 
3ffad5bc000-3ffad63d000 rw-p 00000000 00:00 0 
3ffad63d000-3ffad63e000 ---p 00000000 00:00 0 
3ffad63e000-3ffad73e000 rw-p 00000000 00:00 0 
3ffad73e000-3ffad73f000 ---p 00000000 00:00 0 
3ffad73f000-3ffad83f000 rw-p 00000000 00:00 0 
3ffad83f000-3ffadc43000 rw-p 00000000 00:00 0 
3ffadc43000-3ffadc44000 ---p 00000000 00:00 0 
3ffadc44000-3ffadd44000 rw-p 00000000 00:00 0 
3ffadd44000-3ffadd45000 ---p 00000000 00:00 0 
3ffadd45000-3ffade45000 rw-p 00000000 00:00 0 
3ffade45000-3ffade46000 ---p 00000000 00:00 0 
3ffade46000-3ffadf46000 rw-p 00000000 00:00 0 
3ffadf46000-3ffae05e000 rw-p 00000000 00:00 0 
3ffae05e000-3ffae79f000 ---p 00000000 00:00 0 
3ffae79f000-3ffae838000 rw-p 00000000 00:00 0 
3ffae838000-3ffaef79000 ---p 00000000 00:00 0 
3ffaef79000-3ffaf380000 rw-p 00000000 00:00 0 
3ffaf380000-3ffaf3a5000 r-xp 00000000 fd:01 1024724                      /usr/lib/jvm/java-21-openjdk-s390x/lib/libjava.so
3ffaf3a5000-3ffaf3a6000 r--p 00025000 fd:01 1024724                      /usr/lib/jvm/java-21-openjdk-s390x/lib/libjava.so
3ffaf3a6000-3ffaf3a7000 rw-p 00026000 fd:01 1024724                      /usr/lib/jvm/java-21-openjdk-s390x/lib/libjava.so
3ffaf3a7000-3ffaf3a8000 rw-p 00000000 00:00 0 
3ffaf400000-3ffaf404000 ---p 00000000 00:00 0 
3ffaf404000-3ffaf500000 rw-p 00000000 00:00 0 
3ffaf500000-3ffaf501000 r--p 00000000 fd:01 7506                         /usr/lib/locale/C.utf8/LC_IDENTIFICATION
3ffaf580000-3ffaf593000 r-xp 00000000 fd:01 6168                         /usr/lib/s390x-linux-gnu/libgcc_s.so.1
3ffaf593000-3ffaf594000 r--p 00012000 fd:01 6168                         /usr/lib/s390x-linux-gnu/libgcc_s.so.1
3ffaf594000-3ffaf595000 rw-p 00013000 fd:01 6168                         /usr/lib/s390x-linux-gnu/libgcc_s.so.1
3ffaf600000-3ffaf683000 r-xp 00000000 fd:01 6176                         /usr/lib/s390x-linux-gnu/libm.so.6
3ffaf683000-3ffaf684000 r--p 00082000 fd:01 6176                         /usr/lib/s390x-linux-gnu/libm.so.6
3ffaf684000-3ffaf685000 rw-p 00083000 fd:01 6176                         /usr/lib/s390x-linux-gnu/libm.so.6
3ffaf700000-3ffaf9be000 r-xp 00000000 fd:01 6166                         /usr/lib/s390x-linux-gnu/libstdc++.so.6.0.33
3ffaf9be000-3ffaf9ca000 r--p 002bd000 fd:01 6166                         /usr/lib/s390x-linux-gnu/libstdc++.so.6.0.33
3ffaf9ca000-3ffaf9cd000 rw-p 002c9000 fd:01 6166                         /usr/lib/s390x-linux-gnu/libstdc++.so.6.0.33
3ffaf9cd000-3ffaf9d1000 rw-p 00000000 00:00 0 
3ffafa00000-3ffb08fd000 r-xp 00000000 fd:01 1024751                      /usr/lib/jvm/java-21-openjdk-s390x/lib/server/libjvm.so
3ffb08fd000-3ffb0985000 r--p 00efc000 fd:01 1024751                      /usr/lib/jvm/java-21-openjdk-s390x/lib/server/libjvm.so
3ffb0985000-3ffb09ad000 rw-p 00f84000 fd:01 1024751                      /usr/lib/jvm/java-21-openjdk-s390x/lib/server/libjvm.so
3ffb09ad000-3ffb09f7000 rw-p 00000000 00:00 0 
3ffb0a00000-3ffb0bde000 r-xp 00000000 fd:01 6173                         /usr/lib/s390x-linux-gnu/libc.so.6
3ffb0bde000-3ffb0be2000 r--p 001dd000 fd:01 6173                         /usr/lib/s390x-linux-gnu/libc.so.6
3ffb0be2000-3ffb0be4000 rw-p 001e1000 fd:01 6173                         /usr/lib/s390x-linux-gnu/libc.so.6
3ffb0be4000-3ffb0bf1000 rw-p 00000000 00:00 0 
3ffb0c00000-3ffb0c08000 rw-s 00000000 fd:01 1104157                      /tmp/hsperfdata_ubuntu/40964
3ffb0c0a000-3ffb0c0d000 rw-p 00000000 00:00 0 
3ffb0c0d000-3ffb0c80000 ---p 00000000 00:00 0 
3ffb0c80000-3ffb0c91000 r-xp 00000000 fd:01 1024728                      /usr/lib/jvm/java-21-openjdk-s390x/lib/libjli.so
3ffb0c91000-3ffb0c92000 r--p 00011000 fd:01 1024728                      /usr/lib/jvm/java-21-openjdk-s390x/lib/libjli.so
3ffb0c92000-3ffb0c93000 rw-p 00012000 fd:01 1024728                      /usr/lib/jvm/java-21-openjdk-s390x/lib/libjli.so
3ffb0ca5000-3ffb0d00000 rw-p 00000000 00:00 0 
3ffb0d00000-3ffb0d21000 r-xp 00000000 fd:01 4818                         /usr/lib/s390x-linux-gnu/libz.so.1.3
3ffb0d21000-3ffb0d22000 r--p 00021000 fd:01 4818                         /usr/lib/s390x-linux-gnu/libz.so.1.3
3ffb0d22000-3ffb0d23000 rw-p 00022000 fd:01 4818                         /usr/lib/s390x-linux-gnu/libz.so.1.3
3ffb0d3f000-3ffb0d80000 rw-p 00000000 00:00 0 
3ffb0d80000-3ffb0d85000 r-xp 00000000 fd:01 1024727                      /usr/lib/jvm/java-21-openjdk-s390x/lib/libjimage.so
3ffb0d85000-3ffb0d86000 r--p 00005000 fd:01 1024727                      /usr/lib/jvm/java-21-openjdk-s390x/lib/libjimage.so
3ffb0d86000-3ffb0d87000 rw-p 00006000 fd:01 1024727                      /usr/lib/jvm/java-21-openjdk-s390x/lib/libjimage.so
3ffb0d8a000-3ffb0d91000 rw-p 00000000 00:00 0 
3ffb0d91000-3ffb0e00000 ---p 00000000 00:00 0 
3ffb0e00000-3ffb0e2c000 r-xp 00000000 fd:01 6170                         /usr/lib/s390x-linux-gnu/ld64.so.1
3ffb0e2c000-3ffb0e2e000 r--p 0002b000 fd:01 6170                         /usr/lib/s390x-linux-gnu/ld64.so.1
3ffb0e2e000-3ffb0e30000 rw-p 0002d000 fd:01 6170                         /usr/lib/s390x-linux-gnu/ld64.so.1
3ffb0e4e000-3ffb0e52000 ---p 00000000 00:00 0 
3ffb0e52000-3ffb0e6e000 rw-p 00000000 00:00 0 
3ffb0e6e000-3ffb0e70000 rw-p 00000000 00:00 0 
3ffb0e70000-3ffb0e74000 ---p 00000000 00:00 0 
3ffb0e74000-3ffb0e75000 ---p 00000000 00:00 0 
3ffb0e75000-3ffb0e76000 r--p 00000000 00:00 0 
3ffb0e76000-3ffb0e77000 ---p 00000000 00:00 0 
3ffb0e77000-3ffb0e7b000 rw-p 00000000 00:00 0 
3ffe6159000-3ffe617b000 rw-p 00000000 00:00 0                            [stack]
3ffe61cc000-3ffe61ce000 r--p 00000000 00:00 0                            [vvar]
3ffe61ce000-3ffe61d0000 r-xp 00000000 00:00 0                            [vdso]
Total number of mappings: 196

JVMTI agents: none


VM Arguments:
jvm_args: -XX:ErrorFile=/tmp/jvm-crashes/hs_err_pid%p.log -XX:ReplayDataFile=/tmp/jvm-crashes/replay_pid%p.log -XX:+CreateCoredumpOnCrash -XX:+DumpReplayDataOnError -Dapplication.home=/usr/lib/jvm/java-21-openjdk-s390x --add-modules=ALL-DEFAULT -Xms8m -Djdk.module.main=jdk.jlink 
java_command: jdk.jlink/jdk.tools.jlink.internal.Main --no-header-files --no-man-pages --strip-debug --add-modules java.base,java.desktop,jdk.crypto.ec,java.sql --output /tmp/pytest-of-ubuntu/pytest-3/test_jlink_plugin_add_modules_1/parts/my-part/install/usr/lib/jvm/java-21-openjdk-s390x
java_class_path (initial): <not set>
Launcher Type: SUN_STANDARD

[Global flags]
     intx CICompilerCount                          = 3                                         {product} {ergonomic}
     uint ConcGCThreads                            = 1                                         {product} {ergonomic}
     bool CreateCoredumpOnCrash                    = true                                      {product} {environment}
     bool DumpReplayDataOnError                    = true                                      {product} {environment}
    ccstr ErrorFile                                = /tmp/jvm-crashes/hs_err_pid%p.log            {product} {environment}
     uint G1ConcRefinementThreads                  = 4                                         {product} {ergonomic}
   size_t G1HeapRegionSize                         = 2097152                                   {product} {ergonomic}
    uintx GCDrainStackTargetSize                   = 64                                        {product} {ergonomic}
   size_t InitialHeapSize                          = 8388608                                   {product} {command line}
   size_t MarkStackSize                            = 4194304                                   {product} {ergonomic}
   size_t MaxHeapSize                              = 4215275520                                {product} {ergonomic}
   size_t MaxNewSize                               = 2529165312                                {product} {ergonomic}
   size_t MinHeapDeltaBytes                        = 2097152                                   {product} {ergonomic}
   size_t MinHeapSize                              = 8388608                                   {product} {command line}
    uintx NonNMethodCodeHeapSize                   = 5832908                                {pd product} {ergonomic}
    uintx NonProfiledCodeHeapSize                  = 122912666                              {pd product} {ergonomic}
    uintx ProfiledCodeHeapSize                     = 122912666                              {pd product} {ergonomic}
    ccstr ReplayDataFile                           = /tmp/jvm-crashes/replay_pid%p.log            {product} {environment}
    uintx ReservedCodeCacheSize                    = 251658240                              {pd product} {ergonomic}
     bool SegmentedCodeCache                       = true                                      {product} {ergonomic}
   size_t SoftMaxHeapSize                          = 4215275520                             {manageable} {ergonomic}
     bool UseCompressedOops                        = true                           {product lp64_product} {ergonomic}
     bool UseG1GC                                  = true                                      {product} {ergonomic}

Logging:
Log output configuration:
 #0: stdout all=warning uptime,level,tags foldmultilines=false
 #1: stderr all=off uptime,level,tags foldmultilines=false

Release file:
IMPLEMENTOR="Ubuntu"
JAVA_RUNTIME_VERSION="21.0.12+8-1-24.04-Ubuntu"
JAVA_VERSION="21.0.12"
JAVA_VERSION_DATE="2026-07-21"
LIBC="gnu"
MODULES="java.base java.compiler java.datatransfer java.xml java.prefs java.desktop java.instrument java.logging java.management java.security.sasl java.naming java.rmi java.management.rmi java.net.http java.scripting java.security.jgss java.transaction.xa java.sql java.sql.rowset java.xml.crypto java.se java.smartcardio jdk.accessibility jdk.internal.jvmstat jdk.attach jdk.charsets jdk.internal.opt jdk.zipfs jdk.compiler jdk.crypto.ec jdk.crypto.cryptoki jdk.dynalink jdk.internal.ed jdk.editpad jdk.httpserver jdk.incubator.vector jdk.internal.le jdk.jartool jdk.javadoc jdk.jcmd jdk.management jdk.management.agent jdk.jconsole jdk.jdeps jdk.jdwp.agent jdk.jdi jdk.jfr jdk.jlink jdk.jpackage jdk.jshell jdk.jsobject jdk.jstatd jdk.localedata jdk.management.jfr jdk.naming.dns jdk.naming.rmi jdk.net jdk.nio.mapmode jdk.random jdk.sctp jdk.security.auth jdk.security.jgss jdk.unsupported jdk.unsupported.desktop jdk.xml.dom"
OS_ARCH="s390x"
OS_NAME="Linux"
SOURCE=""

Environment Variables:
JAVA_TOOL_OPTIONS=-XX:ErrorFile=/tmp/jvm-crashes/hs_err_pid%p.log -XX:ReplayDataFile=/tmp/jvm-crashes/replay_pid%p.log -XX:+CreateCoredumpOnCrash -XX:+DumpReplayDataOnError
PATH=/home/ubuntu/actions-runner/_work/craft-parts/craft-parts/.venv/bin:/home/ubuntu/.local/share/uv/python:/home/ubuntu/actions-runner/_work/_tool/uv/0.12.7/s390x:/home/ubuntu/.local/bin:/home/ubuntu/.local/bin:/usr/local/sbin:/usr/local/bin:/usr/sbin:/usr/bin:/sbin:/bin:/snap/bin
XDG_CONFIG_HOME=/tmp/pytest-of-ubuntu/pytest-3/test_jlink_plugin_add_modules_1/.config
SHELL=/bin/bash
LANG=C.UTF-8
TERM=vt220

Active Locale:
LC_ALL=C.UTF-8
LC_COLLATE=C.UTF-8
LC_CTYPE=C.UTF-8
LC_MESSAGES=C.UTF-8
LC_MONETARY=C.UTF-8
LC_NUMERIC=C.UTF-8
LC_TIME=C.UTF-8

Signal Handlers:
   SIGSEGV: crash_handler in libjvm.so, mask=11100100010111111101111111111110, flags=SA_RESTART|SA_SIGINFO, unblocked
    SIGBUS: crash_handler in libjvm.so, mask=11100100010111111101111111111110, flags=SA_RESTART|SA_SIGINFO, unblocked
    SIGFPE: crash_handler in libjvm.so, mask=11100100010111111101111111111110, flags=SA_RESTART|SA_SIGINFO, unblocked
   SIGPIPE: javaSignalHandler in libjvm.so, mask=11100100010111111101111111111110, flags=SA_RESTART|SA_SIGINFO, blocked
   SIGXFSZ: javaSignalHandler in libjvm.so, mask=11100100010111111101111111111110, flags=SA_RESTART|SA_SIGINFO, blocked
    SIGILL: crash_handler in libjvm.so, mask=11100100010111111101111111111110, flags=SA_RESTART|SA_SIGINFO, unblocked
   SIGUSR2: SR_handler in libjvm.so, mask=00000000000000000000000000000000, flags=SA_RESTART|SA_SIGINFO, blocked
    SIGHUP: UserHandler in libjvm.so, mask=11100100010111111101111111111110, flags=SA_RESTART|SA_SIGINFO, blocked
    SIGINT: UserHandler in libjvm.so, mask=11100100010111111101111111111110, flags=SA_RESTART|SA_SIGINFO, blocked
   SIGTERM: UserHandler in libjvm.so, mask=11100100010111111101111111111110, flags=SA_RESTART|SA_SIGINFO, blocked
   SIGQUIT: UserHandler in libjvm.so, mask=11100100010111111101111111111110, flags=SA_RESTART|SA_SIGINFO, blocked
   SIGTRAP: crash_handler in libjvm.so, mask=11100100010111111101111111111110, flags=SA_RESTART|SA_SIGINFO, unblocked


Periodic native trim disabled

---------------  S Y S T E M  ---------------

OS:
DISTRIB_ID=Ubuntu
DISTRIB_RELEASE=24.04
DISTRIB_CODENAME=noble
DISTRIB_DESCRIPTION="Ubuntu 24.04.4 LTS"
uname: Linux 6.14.0-37-generic #37~24.04.1-Ubuntu SMP Fri Nov 21 03:21:53 UTC 2025 s390x
OS uptime: 0 days 0:35 hours
libc: glibc 2.39 NPTL 2.39 
rlimit (soft/hard): STACK 8192k/infinity , CORE 0k/infinity , NPROC 64187/64187 , NOFILE 1048576/1048576 , AS infinity/infinity , CPU infinity/infinity , DATA infinity/infinity , FSIZE infinity/infinity , MEMLOCK 2057520k/2057520k
load average: 1.79 1.50 1.19

/proc/meminfo:
MemTotal:       16460164 kB
MemFree:          117464 kB
MemAvailable:   15083716 kB
Buffers:          344436 kB
Cached:         13979652 kB
SwapCached:            0 kB
Active:          1006540 kB
Inactive:       14103192 kB
Active(anon):     716432 kB
Inactive(anon):    78480 kB
Active(file):     290108 kB
Inactive(file): 14024712 kB
Unevictable:       26644 kB
Mlocked:           26644 kB
SwapTotal:             0 kB
SwapFree:              0 kB
Zswap:                 0 kB
Zswapped:              0 kB
Dirty:            410992 kB
Writeback:             0 kB
AnonPages:        812796 kB
Mapped:           348328 kB
Shmem:               700 kB
KReclaimable:     841076 kB
Slab:             998964 kB
SReclaimable:     841076 kB
SUnreclaim:       157888 kB
KernelStack:        4720 kB
PageTables:        13360 kB
SecPageTables:         0 kB
NFS_Unstable:          0 kB
Bounce:                0 kB
WritebackTmp:          0 kB
CommitLimit:     8230080 kB
Committed_AS:    1737004 kB
VmallocTotal:   534773760 kB
VmallocUsed:       14472 kB
VmallocChunk:          0 kB
Percpu:             1744 kB
AnonHugePages:         0 kB
ShmemHugePages:        0 kB
ShmemPmdMapped:        0 kB
FileHugePages:         0 kB
FilePmdMapped:         0 kB
CmaTotal:              0 kB
CmaFree:               0 kB
HugePages_Total:       0
HugePages_Free:        0
HugePages_Rsvd:        0
HugePages_Surp:        0
Hugepagesize:       1024 kB
Hugetlb:               0 kB
DirectMap4k:      165880 kB
DirectMap1M:     8222720 kB
DirectMap2G:     8388608 kB

/sys/kernel/mm/transparent_hugepage/enabled: always [madvise] never
/sys/kernel/mm/transparent_hugepage/hpage_pmd_size: 1048576
/sys/kernel/mm/transparent_hugepage/defrag (defrag/compaction efforts parameter): always defer defer+madvise [madvise] never

Process Memory:
Virtual Size: 7195380K (peak: 7242128K)
Resident Set Size: 419972K (peak: 419972K) (anon: 398068K, file: 21904K, shmem: 0K)
Swapped out: 0K
C-Heap outstanding allocations: 54400K, retained: 9747K
glibc malloc tunables: (default)

/proc/sys/kernel/threads-max (system-wide limit on the number of threads): 128374
/proc/sys/vm/max_map_count (maximum number of memory map areas a process may have): 1048576
/proc/sys/vm/swappiness (control to define how aggressively the kernel swaps out anonymous memory): 60
/proc/sys/kernel/pid_max (system-wide limit on number of process identifiers): 4194304

container information not found.
Virtualization information:
CPUs Total:           71
CPUs Configured:      0
CPUs Standby:         0
CPUs Reserved:        71
CPUs G-MTID:          0
CPUs S-MTID:          1
LPAR Number:          2
LPAR Characteristics: Shared 
LPAR Name:            PS6N3   
LPAR Adjustment:      507
LPAR CPUs Total:      36
LPAR CPUs Configured: 36
LPAR CPUs Standby:    0
LPAR CPUs Reserved:   0
LPAR CPUs Dedicated:  0
LPAR CPUs Shared:     36
LPAR CPUs G-MTID:     0
LPAR CPUs S-MTID:     1
LPAR CPUs PS-MTID:    1
LPAR Extended Name:   
LPAR UUID:            842a83c4-e09c-11ee-8a5c-00106f255a2e
VM00 Name:            instance
VM00 Control Program: KVM/Linux       
VM00 Adjustment:      1000
VM00 CPUs Total:      4
VM00 CPUs Configured: 4
VM00 CPUs Standby:    0
VM00 CPUs Reserved:   0
VM00 Extended Name:   instance-00f49cde
VM00 UUID:            10c66902-d921-4c4d-8fc0-07ad5f3a16a2
Steal ticks since vm start: 2
Steal ticks percentage since vm start:  0.002

CPU: total 4 (initial active 4) system-z, g9-z15, ldisp_fast, extimm, pcrel_load/store, cmpb, cond_load/store, interlocked_update, txm, vectorinstr, instrext2, venh1, instrext3, venh2, out-of-support_as_of_tbd, aes128, aes192, aes256, sha1, sha256, sha512, ghash
/proc/cpuinfo:
vendor_id       : IBM/S390
# processors    : 4
bogomips per cpu: 3241.00
max thread id   : 0
features	: esan3 zarch stfle msa ldisp eimm dfp edat etf3eh highgprs te vx vxd vxe gs vxe2 vxp sort dflt 
facilities      : 0 1 2 3 4 6 7 8 9 10 12 13 14 15 16 17 18 19 20 21 22 23 24 25 26 27 28 30 31 32 33 34 35 36 37 38 40 41 42 43 44 45 47 48 49 50 51 52 53 54 57 58 59 60 61 64 65 69 71 72 73 74 75 76 77 78 80 81 82 129 130 131 133 134 135 138 139 140 146 147 148 150 151 152 155 156
cache0          : level=1 type=Data scope=Private size=128K line_size=256 associativity=8
cache1          : level=1 type=Instruction scope=Private size=128K line_size=256 associativity=8
cache2          : level=2 type=Data scope=Private size=4096K line_size=256 associativity=8
cache3          : level=2 type=Instruction scope=Private size=4096K line_size=256 associativity=8
cache4          : level=3 type=Unified scope=Shared size=262144K line_size=256 associativity=32
cache5          : level=4 type=Unified scope=Shared size=983040K line_size=256 associativity=60
processor 0: version = FF,  identification = 0211B8,  machine = 8561
processor 1: version = FF,  identification = 0211B8,  machine = 8561
processor 2: version = FF,  identification = 0211B8,  machine = 8561
processor 3: version = FF,  identification = 0211B8,  machine = 8561

cpu number      : 0
physical id     : 0
core id         : 0
book id         : 0
drawer id       : 0
dedicated       : 0
address         : 0
siblings        : 1
cpu cores       : 1
version         : FF
identification  : 0211B8
machine         : 8561
cpu MHz dynamic : 5200
cpu MHz static  : 5200

cpu number      : 1
physical id     : 1
core id         : 1
book id         : 1
drawer id       : 1
dedicated       : 0
address         : 1
siblings        : 1
cpu cores       : 1
version         : FF
identification  : 0211B8
machine         : 8561
cpu MHz dynamic : 5200
cpu MHz static  : 5200

cpu number      : 2
physical id     : 2
core id         : 2
book id         : 2
drawer id       : 2
dedicated       : 0
address         : 2
siblings        : 1
cpu cores       : 1
version         : FF
identification  : 0211B8
machine         : 8561
cpu MHz dynamic : 5200
cpu MHz static  : 5200

cpu number      : 3
physical id     : 3
core id         : 3
book id         : 3
drawer id       : 3
dedicated       : 0
address         : 3
siblings        : 1
cpu cores       : 1
version         : FF
identification  : 0211B8
machine         : 8561
cpu MHz dynamic : 5200
cpu MHz static  : 5200

Online cpus: 0-3
Offline cpus: 

Memory: 4k page, physical 16460164k(15084696k free), swap 0k(0k free)
Page Sizes: 4k

vm_info: OpenJDK 64-Bit Server VM (21.0.12+8-1-24.04-Ubuntu) for linux-s390x JRE (21.0.12+8-1-24.04-Ubuntu), built on 2026-07-23T13:39:58Z by "buildd" with gcc 13.3.0

END.
